2026-06-11 10:15:31 - excel.excel_parser - INFO - [excel_parser.py:59] - Loading Excel file: /tmp/tmpb7an3iif.xlsx
2026-06-11 10:15:31 - excel.excel_parser - INFO - [excel_parser.py:64] - Found columns: ['Printjob Name #', 'Code', 'Print date', 'Responsible person', 'Design', '3DPoli path', 'Resin Name', 'Resin ID', 'Substrate Name', 'Substrate ID', 'Spacer', 'Unnamed: 11', 'F path', 'zmin', 'zmax', 'max z height [Âµm]', 'xmin', 'xmax', 'max x height [Âµm]', 'ymin', 'ymax', 'max y height [Âµm]', 'Lense', 'R', 'Max power from calibration', 'Infinite FOV', 'Tilt alpha degree', 'Tilt beta degree', 'Tilt compensation']
2026-06-11 10:15:31 - excel.excel_parser - INFO - [excel_parser.py:66] - Loaded 1 data rows
2026-06-11 10:15:31 - excel.excel_parser - INFO - [excel_parser.py:99] - Parsed 1 print jobs from Excel
2026-06-11 10:15:31 - excel.excel_parser - INFO - [excel_parser.py:59] - Loading Excel file: /tmp/tmprmnopiem.xlsx
2026-06-11 10:15:31 - excel.excel_parser - INFO - [excel_parser.py:64] - Found columns: ['Printjob Name #', 'Code', 'Print date', 'Responsible person', 'Design', '3DPoli path', 'Resin Name', 'Resin ID', 'Substrate Name', 'Substrate ID', 'Spacer', 'Unnamed: 11', 'F path', 'zmin', 'zmax', 'max z height [Âµm]', 'xmin', 'xmax', 'max x height [Âµm]', 'ymin', 'ymax', 'max y height [Âµm]', 'Lense', 'R', 'Max power from calibration', 'Infinite FOV', 'Tilt alpha degree', 'Tilt beta degree', 'Tilt compensation']
2026-06-11 10:15:31 - excel.excel_parser - INFO - [excel_parser.py:66] - Loaded 1 data rows
2026-06-11 10:15:31 - excel.excel_parser - INFO - [excel_parser.py:99] - Parsed 1 print jobs from Excel
2026-06-11 10:15:31 - excel.excel_parser - INFO - [excel_parser.py:59] - Loading Excel file: /tmp/tmpu944udbt.xlsx
2026-06-11 10:15:31 - excel.excel_parser - INFO - [excel_parser.py:64] - Found columns: ['Printjob Name #', 'Code', 'Print date', 'Responsible person', 'Design', '3DPoli path', 'Resin Name', 'Resin ID', 'Substrate Name', 'Substrate ID', 'Spacer', 'Unnamed: 11', 'F path', 'zmin', 'zmax', 'max z height [Âµm]', 'xmin', 'xmax', 'max x height [Âµm]', 'ymin', 'ymax', 'max y height [Âµm]', 'Lense', 'R', 'Max power from calibration', 'Infinite FOV', 'Tilt alpha degree', 'Tilt beta degree', 'Tilt compensation']
2026-06-11 10:15:31 - excel.excel_parser - INFO - [excel_parser.py:66] - Loaded 1 data rows
2026-06-11 10:15:31 - excel.excel_parser - INFO - [excel_parser.py:99] - Parsed 1 print jobs from Excel
2026-06-11 10:15:31 - excel.excel_parser - INFO - [excel_parser.py:59] - Loading Excel file: /tmp/tmpes8bfhkd.xlsx
2026-06-11 10:15:31 - excel.excel_parser - INFO - [excel_parser.py:64] - Found columns: ['Printjob Name #', 'Code', 'Print date', 'Responsible person', 'Design', '3DPoli path', 'Resin Name', 'Resin ID', 'Substrate Name', 'Substrate ID', 'Spacer', 'Unnamed: 11', 'F path', 'zmin', 'zmax', 'max z height [Âµm]', 'xmin', 'xmax', 'max x height [Âµm]', 'ymin', 'ymax', 'max y height [Âµm]', 'Lense', 'R', 'Max power from calibration', 'Infinite FOV', 'Tilt alpha degree', 'Tilt beta degree', 'Tilt compensation']
2026-06-11 10:15:31 - excel.excel_parser - INFO - [excel_parser.py:66] - Loaded 1 data rows
2026-06-11 10:15:31 - excel.excel_parser - INFO - [excel_parser.py:99] - Parsed 1 print jobs from Excel
2026-06-11 10:15:31 - excel.excel_parser - INFO - [excel_parser.py:59] - Loading Excel file: /tmp/tmpozygp4_n.xlsx
2026-06-11 10:15:31 - excel.excel_parser - INFO - [excel_parser.py:64] - Found columns: ['Printjob Name #', 'Code', 'Print date', 'Responsible person', 'Design', '3DPoli path', 'Resin Name', 'Resin ID', 'Substrate Name', 'Substrate ID', 'Spacer', 'Unnamed: 11', 'F path', 'zmin', 'zmax', 'max z height [Âµm]', 'xmin', 'xmax', 'max x height [Âµm]', 'ymin', 'ymax', 'max y height [Âµm]', 'Lense', 'R', 'Max power from calibration', 'Infinite FOV', 'Tilt alpha degree', 'Tilt beta degree', 'Tilt compensation']
2026-06-11 10:15:31 - excel.excel_parser - INFO - [excel_parser.py:66] - Loaded 1 data rows
2026-06-23 16:50:03 - __main__ - ERROR - [main.py:219] - Configuration file not found: C:\Users\troussea\Coding\2PP2openbis2\2PP2openbis\printjob2openbis\config\settings.json
Create config/settings.json – see README.md for an example.
2026-06-23 16:51:53 - __main__ - ERROR - [main.py:219] - Excel file not found: 2PP_print protocol_test.xlsx
2026-06-23 16:52:19 - excel.excel_parser - INFO - [excel_parser.py:59] - Loading Excel file: 2PP_print protocol.xlsx
2026-06-23 16:52:19 - excel.excel_parser - INFO - [excel_parser.py:64] - Found columns: ['Print #', 'Code', 'Print date', 'Name', 'Design', '3DPoli path', 'Resin', 'Resin ID', 'Substrate', 'Substrate ID', 'Spacer', 'Unnamed: 11', 'F path', 'zmin', 'zmax', 'max z height [µm]', 'xmin', 'xmax', 'max x height [µm]', 'ymin', 'ymax', 'max y height [µm]', 'Lense', 'R', 'Max power from calibration', 'Infinite FOV', 'Tilt alpha degree', 'Tilt beta degree', 'Tilt compensation', 'Washing date', 'Person', 'Washing solvent', 'CPD date', 'Person.1', 'CPD program', 'SEM green state', 'SEM sintered', 'LiMi green state', 'LiMi sintered', 'Person.2', 'Sintering Date', 'Furnace', 'Furnace ID', 'Profile Path', 'upload', 'uploaded', 'Comments']
2026-06-23 16:52:19 - __main__ - ERROR - [main.py:222] - Fatal error: Missing required columns: {'Printjob Name #'}
Found columns: ['Print #', 'Code', 'Print date', 'Name', 'Design', '3DPoli path', 'Resin', 'Resin ID', 'Substrate', 'Substrate ID', 'Spacer', 'Unnamed: 11', 'F path', 'zmin', 'zmax', 'max z height [µm]', 'xmin', 'xmax', 'max x height [µm]', 'ymin', 'ymax', 'max y height [µm]', 'Lense', 'R', 'Max power from calibration', 'Infinite FOV', 'Tilt alpha degree', 'Tilt beta degree', 'Tilt compensation', 'Washing date', 'Person', 'Washing solvent', 'CPD date', 'Person.1', 'CPD program', 'SEM green state', 'SEM sintered', 'LiMi green state', 'LiMi sintered', 'Person.2', 'Sintering Date', 'Furnace', 'Furnace ID', 'Profile Path', 'upload', 'uploaded', 'Comments']
Traceback (most recent call last):
  File "C:\Users\troussea\Coding\2PP2openbis2\2PP2openbis\printjob2openbis\main.py", line 215, in main
    runner = PrintJobParser(excel_file=excel_path)
  File "C:\Users\troussea\Coding\2PP2openbis2\2PP2openbis\printjob2openbis\main.py", line 43, in __init__
    self.excel_parser = ExcelParser(self.excel_file)
                        ~~~~~~~~~~~^^^^^^^^^^^^^^^^^
  File "C:\Users\troussea\Coding\2PP2openbis2\2PP2openbis\printjob2openbis\excel\excel_parser.py", line 65, in __init__
    self._validate_columns()
    ~~~~~~~~~~~~~~~~~~~~~~^^
  File "C:\Users\troussea\Coding\2PP2openbis2\2PP2openbis\printjob2openbis\excel\excel_parser.py", line 77, in _validate_columns
    raise ValueError(
    ...<2 lines>...
    )
ValueError: Missing required columns: {'Printjob Name #'}
Found columns: ['Print #', 'Code', 'Print date', 'Name', 'Design', '3DPoli path', 'Resin', 'Resin ID', 'Substrate', 'Substrate ID', 'Spacer', 'Unnamed: 11', 'F path', 'zmin', 'zmax', 'max z height [µm]', 'xmin', 'xmax', 'max x height [µm]', 'ymin', 'ymax', 'max y height [µm]', 'Lense', 'R', 'Max power from calibration', 'Infinite FOV', 'Tilt alpha degree', 'Tilt beta degree', 'Tilt compensation', 'Washing date', 'Person', 'Washing solvent', 'CPD date', 'Person.1', 'CPD program', 'SEM green state', 'SEM sintered', 'LiMi green state', 'LiMi sintered', 'Person.2', 'Sintering Date', 'Furnace', 'Furnace ID', 'Profile Path', 'upload', 'uploaded', 'Comments']
2026-06-23 16:54:03 - excel.excel_parser - INFO - [excel_parser.py:59] - Loading Excel file: 2PP_print protocol.xlsx
2026-06-23 16:54:03 - excel.excel_parser - INFO - [excel_parser.py:64] - Found columns: ['Print #', 'Code', 'Print date', 'Name', 'Design', '3DPoli path', 'Resin', 'Resin ID', 'Substrate', 'Substrate ID', 'Spacer', 'Unnamed: 11', 'F path', 'zmin', 'zmax', 'max z height [µm]', 'xmin', 'xmax', 'max x height [µm]', 'ymin', 'ymax', 'max y height [µm]', 'Lense', 'R', 'Max power from calibration', 'Infinite FOV', 'Tilt alpha degree', 'Tilt beta degree', 'Tilt compensation', 'Washing date', 'Person', 'Washing solvent', 'CPD date', 'Person.1', 'CPD program', 'SEM green state', 'SEM sintered', 'LiMi green state', 'LiMi sintered', 'Person.2', 'Sintering Date', 'Furnace', 'Furnace ID', 'Profile Path', 'upload', 'uploaded', 'Comments']
2026-06-23 16:54:03 - excel.excel_parser - INFO - [excel_parser.py:66] - Loaded 82 data rows
2026-06-23 16:54:03 - __main__ - INFO - [main.py:70] - ======================================================================
2026-06-23 16:54:03 - __main__ - INFO - [main.py:71] - printjob2openbis starting
2026-06-23 16:54:03 - __main__ - INFO - [main.py:72] - ======================================================================
2026-06-23 16:54:03 - __main__ - INFO - [main.py:76] - Connecting to openBIS...
2026-06-23 16:54:04 - openbis.connection - INFO - [connection.py:116] - Connecting to openBIS: https://main.datastore.bam.de/
2026-06-23 16:54:04 - openbis.connection - INFO - [connection.py:117] - User: troussea
2026-06-23 16:54:04 - openbis.connection - DEBUG - [connection.py:41] - Retrieved cached PAT for troussea
2026-06-23 16:54:04 - openbis.connection - INFO - [connection.py:122] - Attempting login with cached PAT...
2026-06-23 16:54:05 - openbis.connection - DEBUG - [connection.py:128] - Cached PAT expired or invalid: This token is no longer valid. Please provide an valid token or use the login method.
2026-06-23 16:54:05 - openbis.connection - INFO - [connection.py:129] - Falling back to password authentication...
2026-06-23 16:54:05 - openbis.connection - INFO - [connection.py:131] - Attempting login with password...
2026-06-23 16:54:20 - openbis.connection - INFO - [connection.py:140] - Successfully logged in with password
2026-06-23 16:54:20 - openbis.connection - DEBUG - [connection.py:65] - Cached PAT for troussea
2026-06-23 16:54:20 - openbis.connection - INFO - [connection.py:145] - PAT cached for troussea (will be used next time)
2026-06-23 16:54:20 - __main__ - INFO - [main.py:82] - Connected to openBIS
2026-06-23 16:54:20 - excel.excel_parser - WARNING - [excel_parser.py:128] - Row with code '2PP-000075' has no name – skipping
2026-06-23 16:54:20 - excel.excel_parser - WARNING - [excel_parser.py:128] - Row with code '2PP-000076' has no name – skipping
2026-06-23 16:54:20 - excel.excel_parser - WARNING - [excel_parser.py:128] - Row with code '2PP-000077' has no name – skipping
2026-06-23 16:54:20 - excel.excel_parser - WARNING - [excel_parser.py:128] - Row with code '2PP-000078' has no name – skipping
2026-06-23 16:54:20 - excel.excel_parser - WARNING - [excel_parser.py:128] - Row with code '2PP-000079' has no name – skipping
2026-06-23 16:54:20 - excel.excel_parser - WARNING - [excel_parser.py:128] - Row with code '2PP-000080' has no name – skipping
2026-06-23 16:54:20 - excel.excel_parser - WARNING - [excel_parser.py:128] - Row with code '2PP-000081' has no name – skipping
2026-06-23 16:54:20 - excel.excel_parser - WARNING - [excel_parser.py:128] - Row with code '2PP-000082' has no name – skipping
2026-06-23 16:54:20 - excel.excel_parser - INFO - [excel_parser.py:99] - Parsed 74 print jobs from Excel
2026-06-23 16:54:20 - __main__ - INFO - [main.py:92] - Processing 74 print job(s)...
2026-06-23 16:54:20 - __main__ - INFO - [main.py:127] - Processing: 2PP-000001 (20260303_2PP_Text und BAM Logo)
2026-06-23 16:54:34 - openbis.object_manager - DEBUG - [object_manager.py:53] - Object '20260205131700798-40543' found via direct lookup
2026-06-23 16:54:35 - openbis.object_manager - DEBUG - [object_manager.py:53] - Object '20260203153656357-40208' found via direct lookup
2026-06-23 16:54:37 - openbis.object_manager - DEBUG - [object_manager.py:121] - Could not set print_date property: 'No such property: «print_date». Allowed properties are: $name, $show_in_project_overview, finished_flag, start_date, end_date, experimental_step.experimental_goals, experimental_step.experimental_description, experimental_step.experimental_results, experimental_step.spreadsheet, reference, publication, notes, $xmlcomments, $annotations_state'
2026-06-23 16:54:37 - openbis.object_manager - DEBUG - [object_manager.py:126] - Set 2 parent(s) for 2PP-000001
2026-06-23 16:54:39 - openbis.object_manager - INFO - [object_manager.py:129] - Created EXPERIMENTAL_STEP: 2PP-000001
2026-06-23 16:54:40 - openbis.object_manager - DEBUG - [object_manager.py:134] - Object permId: 20260623165439100-55131
2026-06-23 16:54:40 - __main__ - INFO - [main.py:176] - Created EXPERIMENTAL_STEP '2PP-000001' (permId: 20260623165439100-55131)
2026-06-23 16:54:40 - __main__ - INFO - [main.py:127] - Processing: 2PP-000002 (20260303_2PP_Line distance cubes Cura vs 3D-Poli)
2026-06-23 16:54:41 - openbis.object_manager - DEBUG - [object_manager.py:53] - Object '20260205131700798-40543' found via direct lookup
2026-06-23 16:54:41 - openbis.object_manager - DEBUG - [object_manager.py:53] - Object '20260203153656357-40208' found via direct lookup
2026-06-23 16:54:41 - openbis.object_manager - DEBUG - [object_manager.py:121] - Could not set print_date property: 'No such property: «print_date». Allowed properties are: $name, $show_in_project_overview, finished_flag, start_date, end_date, experimental_step.experimental_goals, experimental_step.experimental_description, experimental_step.experimental_results, experimental_step.spreadsheet, reference, publication, notes, $xmlcomments, $annotations_state'
2026-06-23 16:54:42 - openbis.object_manager - DEBUG - [object_manager.py:126] - Set 2 parent(s) for 2PP-000002
2026-06-23 16:54:43 - openbis.object_manager - INFO - [object_manager.py:129] - Created EXPERIMENTAL_STEP: 2PP-000002
2026-06-23 16:54:44 - openbis.object_manager - DEBUG - [object_manager.py:134] - Object permId: 20260623165443090-55132
2026-06-23 16:54:44 - __main__ - INFO - [main.py:176] - Created EXPERIMENTAL_STEP '2PP-000002' (permId: 20260623165443090-55132)
2026-06-23 16:54:44 - __main__ - INFO - [main.py:127] - Processing: 2PP-000003 (20260305_2PP_Multidirectional Slicing SchwarzP)
2026-06-23 16:54:45 - openbis.object_manager - DEBUG - [object_manager.py:53] - Object '20260205131700798-40543' found via direct lookup
2026-06-23 16:54:45 - openbis.object_manager - DEBUG - [object_manager.py:53] - Object '20260203153656357-40208' found via direct lookup
2026-06-23 16:54:45 - openbis.object_manager - DEBUG - [object_manager.py:121] - Could not set print_date property: 'No such property: «print_date». Allowed properties are: $name, $show_in_project_overview, finished_flag, start_date, end_date, experimental_step.experimental_goals, experimental_step.experimental_description, experimental_step.experimental_results, experimental_step.spreadsheet, reference, publication, notes, $xmlcomments, $annotations_state'
2026-06-23 16:54:46 - openbis.object_manager - DEBUG - [object_manager.py:126] - Set 2 parent(s) for 2PP-000003
2026-06-23 16:54:47 - openbis.object_manager - INFO - [object_manager.py:129] - Created EXPERIMENTAL_STEP: 2PP-000003
2026-06-23 16:54:48 - openbis.object_manager - DEBUG - [object_manager.py:134] - Object permId: 20260623165447030-55133
2026-06-23 16:54:48 - __main__ - INFO - [main.py:176] - Created EXPERIMENTAL_STEP '2PP-000003' (permId: 20260623165447030-55133)
2026-06-23 16:54:48 - __main__ - INFO - [main.py:127] - Processing: 2PP-000004 (20260305_2PP_Gradual Gratings)
2026-06-23 16:54:49 - openbis.object_manager - DEBUG - [object_manager.py:53] - Object '20260205131700798-40543' found via direct lookup
2026-06-23 16:54:49 - openbis.object_manager - DEBUG - [object_manager.py:53] - Object '20260203153656357-40208' found via direct lookup
2026-06-23 16:54:49 - openbis.object_manager - DEBUG - [object_manager.py:121] - Could not set print_date property: 'No such property: «print_date». Allowed properties are: $name, $show_in_project_overview, finished_flag, start_date, end_date, experimental_step.experimental_goals, experimental_step.experimental_description, experimental_step.experimental_results, experimental_step.spreadsheet, reference, publication, notes, $xmlcomments, $annotations_state'
2026-06-23 16:54:50 - openbis.object_manager - DEBUG - [object_manager.py:126] - Set 2 parent(s) for 2PP-000004
2026-06-23 16:54:52 - openbis.object_manager - INFO - [object_manager.py:129] - Created EXPERIMENTAL_STEP: 2PP-000004
2026-06-23 16:54:52 - openbis.object_manager - DEBUG - [object_manager.py:134] - Object permId: 20260623165451217-55134
2026-06-23 16:54:52 - __main__ - INFO - [main.py:176] - Created EXPERIMENTAL_STEP '2PP-000004' (permId: 20260623165451217-55134)
2026-06-23 16:54:52 - __main__ - INFO - [main.py:127] - Processing: 2PP-000005 (20260309_2PP_2D dot matrix power x duration)
2026-06-23 16:54:54 - openbis.object_manager - DEBUG - [object_manager.py:53] - Object '20260205131700798-40543' found via direct lookup
2026-06-23 16:54:55 - openbis.object_manager - DEBUG - [object_manager.py:53] - Object '20260304152412162-47018' found via direct lookup
2026-06-23 16:54:55 - openbis.object_manager - DEBUG - [object_manager.py:121] - Could not set print_date property: 'No such property: «print_date». Allowed properties are: $name, $show_in_project_overview, finished_flag, start_date, end_date, experimental_step.experimental_goals, experimental_step.experimental_description, experimental_step.experimental_results, experimental_step.spreadsheet, reference, publication, notes, $xmlcomments, $annotations_state'
2026-06-23 16:54:56 - openbis.object_manager - DEBUG - [object_manager.py:126] - Set 2 parent(s) for 2PP-000005
2026-06-23 16:54:57 - openbis.object_manager - INFO - [object_manager.py:129] - Created EXPERIMENTAL_STEP: 2PP-000005
2026-06-23 16:54:58 - openbis.object_manager - DEBUG - [object_manager.py:134] - Object permId: 20260623165456791-55135
2026-06-23 16:54:58 - __main__ - INFO - [main.py:176] - Created EXPERIMENTAL_STEP '2PP-000005' (permId: 20260623165456791-55135)
2026-06-23 16:54:58 - __main__ - INFO - [main.py:127] - Processing: 2PP-000006 (20260309_2PP_2D dot matrix power x duration_2)
2026-06-23 16:54:59 - openbis.object_manager - DEBUG - [object_manager.py:53] - Object '20260205131700798-40543' found via direct lookup
2026-06-23 16:54:59 - openbis.object_manager - DEBUG - [object_manager.py:53] - Object '20260304152412162-47018' found via direct lookup
2026-06-23 16:54:59 - openbis.object_manager - DEBUG - [object_manager.py:121] - Could not set print_date property: 'No such property: «print_date». Allowed properties are: $name, $show_in_project_overview, finished_flag, start_date, end_date, experimental_step.experimental_goals, experimental_step.experimental_description, experimental_step.experimental_results, experimental_step.spreadsheet, reference, publication, notes, $xmlcomments, $annotations_state'
2026-06-23 16:55:00 - openbis.object_manager - DEBUG - [object_manager.py:126] - Set 2 parent(s) for 2PP-000006
2026-06-23 16:55:02 - openbis.object_manager - INFO - [object_manager.py:129] - Created EXPERIMENTAL_STEP: 2PP-000006
2026-06-23 16:55:02 - openbis.object_manager - DEBUG - [object_manager.py:134] - Object permId: 20260623165501298-55136
2026-06-23 16:55:02 - __main__ - INFO - [main.py:176] - Created EXPERIMENTAL_STEP '2PP-000006' (permId: 20260623165501298-55136)
2026-06-23 16:55:02 - __main__ - INFO - [main.py:127] - Processing: 2PP-000007 (20260310_2PP_Multidirectional Slicing SchwarzD)
2026-06-23 16:55:04 - openbis.object_manager - DEBUG - [object_manager.py:53] - Object '20260205131700798-40543' found via direct lookup
2026-06-23 16:55:04 - openbis.object_manager - DEBUG - [object_manager.py:53] - Object '20260304152412162-47018' found via direct lookup
2026-06-23 16:55:04 - openbis.object_manager - DEBUG - [object_manager.py:121] - Could not set print_date property: 'No such property: «print_date». Allowed properties are: $name, $show_in_project_overview, finished_flag, start_date, end_date, experimental_step.experimental_goals, experimental_step.experimental_description, experimental_step.experimental_results, experimental_step.spreadsheet, reference, publication, notes, $xmlcomments, $annotations_state'
2026-06-23 16:55:05 - openbis.object_manager - DEBUG - [object_manager.py:126] - Set 2 parent(s) for 2PP-000007
2026-06-23 16:55:06 - openbis.object_manager - INFO - [object_manager.py:129] - Created EXPERIMENTAL_STEP: 2PP-000007
2026-06-23 16:55:07 - openbis.object_manager - DEBUG - [object_manager.py:134] - Object permId: 20260623165505895-55137
2026-06-23 16:55:07 - __main__ - INFO - [main.py:176] - Created EXPERIMENTAL_STEP '2PP-000007' (permId: 20260623165505895-55137)
2026-06-23 16:55:07 - __main__ - INFO - [main.py:127] - Processing: 2PP-000008 (20260310_2PP_SchwarzP array 1-5 unit cells)
2026-06-23 16:55:08 - openbis.object_manager - DEBUG - [object_manager.py:53] - Object '20260205131700798-40543' found via direct lookup
2026-06-23 16:55:09 - openbis.object_manager - DEBUG - [object_manager.py:53] - Object '20260304152412162-47018' found via direct lookup
2026-06-23 16:55:09 - openbis.object_manager - DEBUG - [object_manager.py:121] - Could not set print_date property: 'No such property: «print_date». Allowed properties are: $name, $show_in_project_overview, finished_flag, start_date, end_date, experimental_step.experimental_goals, experimental_step.experimental_description, experimental_step.experimental_results, experimental_step.spreadsheet, reference, publication, notes, $xmlcomments, $annotations_state'
2026-06-23 16:55:09 - openbis.object_manager - DEBUG - [object_manager.py:126] - Set 2 parent(s) for 2PP-000008
2026-06-23 16:55:11 - openbis.object_manager - INFO - [object_manager.py:129] - Created EXPERIMENTAL_STEP: 2PP-000008
2026-06-23 16:55:11 - openbis.object_manager - DEBUG - [object_manager.py:134] - Object permId: 20260623165510310-55138
2026-06-23 16:55:11 - __main__ - INFO - [main.py:176] - Created EXPERIMENTAL_STEP '2PP-000008' (permId: 20260623165510310-55138)
2026-06-23 16:55:11 - __main__ - INFO - [main.py:127] - Processing: 2PP-000009 (20260313_2PP_SP large infill test)
2026-06-23 16:55:12 - openbis.object_manager - DEBUG - [object_manager.py:53] - Object '20260205131700798-40543' found via direct lookup
2026-06-23 16:55:13 - openbis.object_manager - DEBUG - [object_manager.py:53] - Object '20260304152450862-47019' found via direct lookup
2026-06-23 16:55:13 - openbis.object_manager - DEBUG - [object_manager.py:121] - Could not set print_date property: 'No such property: «print_date». Allowed properties are: $name, $show_in_project_overview, finished_flag, start_date, end_date, experimental_step.experimental_goals, experimental_step.experimental_description, experimental_step.experimental_results, experimental_step.spreadsheet, reference, publication, notes, $xmlcomments, $annotations_state'
2026-06-23 16:55:14 - openbis.object_manager - DEBUG - [object_manager.py:126] - Set 2 parent(s) for 2PP-000009
2026-06-23 16:55:15 - openbis.object_manager - INFO - [object_manager.py:129] - Created EXPERIMENTAL_STEP: 2PP-000009
2026-06-23 16:55:15 - openbis.object_manager - DEBUG - [object_manager.py:134] - Object permId: 20260623165514610-55139
2026-06-23 16:55:15 - __main__ - INFO - [main.py:176] - Created EXPERIMENTAL_STEP '2PP-000009' (permId: 20260623165514610-55139)
2026-06-23 16:55:15 - __main__ - INFO - [main.py:127] - Processing: 2PP-000010 (20260316_2PP_SP large infill test)
2026-06-23 16:55:17 - openbis.object_manager - DEBUG - [object_manager.py:53] - Object '20260205131700798-40543' found via direct lookup
2026-06-23 16:55:17 - openbis.object_manager - DEBUG - [object_manager.py:53] - Object '20260304152450862-47019' found via direct lookup
2026-06-23 16:55:17 - openbis.object_manager - DEBUG - [object_manager.py:121] - Could not set print_date property: 'No such property: «print_date». Allowed properties are: $name, $show_in_project_overview, finished_flag, start_date, end_date, experimental_step.experimental_goals, experimental_step.experimental_description, experimental_step.experimental_results, experimental_step.spreadsheet, reference, publication, notes, $xmlcomments, $annotations_state'
2026-06-23 16:55:18 - openbis.object_manager - DEBUG - [object_manager.py:126] - Set 2 parent(s) for 2PP-000010
2026-06-23 16:55:19 - openbis.object_manager - INFO - [object_manager.py:129] - Created EXPERIMENTAL_STEP: 2PP-000010
2026-06-23 16:55:20 - openbis.object_manager - DEBUG - [object_manager.py:134] - Object permId: 20260623165519046-55140
2026-06-23 16:55:20 - __main__ - INFO - [main.py:176] - Created EXPERIMENTAL_STEP '2PP-000010' (permId: 20260623165519046-55140)
2026-06-23 16:55:20 - __main__ - INFO - [main.py:127] - Processing: 2PP-000011 (20260316_2PP_Hybrid Pillar Array)
2026-06-23 16:55:22 - openbis.object_manager - DEBUG - [object_manager.py:53] - Object '20251209154344843-23579' found via direct lookup
2026-06-23 16:55:22 - __main__ - ERROR - [main.py:142] - Row '2PP-000011': Substrate ID is empty or missing – skipping
2026-06-23 16:55:22 - __main__ - INFO - [main.py:127] - Processing: 2PP-000012 (20260316_2PP_Hybrid Pillar Array  &Mw)
2026-06-23 16:55:23 - openbis.object_manager - DEBUG - [object_manager.py:53] - Object '20251209154344843-23579' found via direct lookup
2026-06-23 16:55:23 - __main__ - ERROR - [main.py:142] - Row '2PP-000012': Substrate ID is empty or missing – skipping
2026-06-23 16:55:23 - __main__ - INFO - [main.py:127] - Processing: 2PP-000013 (20260317_2PP_Coordinate System Origin Test)
2026-06-23 16:55:25 - openbis.object_manager - DEBUG - [object_manager.py:53] - Object '20260205131700798-40543' found via direct lookup
2026-06-23 16:55:25 - openbis.object_manager - DEBUG - [object_manager.py:53] - Object '20260304152609654-47020' found via direct lookup
2026-06-23 16:55:25 - openbis.object_manager - DEBUG - [object_manager.py:121] - Could not set print_date property: 'No such property: «print_date». Allowed properties are: $name, $show_in_project_overview, finished_flag, start_date, end_date, experimental_step.experimental_goals, experimental_step.experimental_description, experimental_step.experimental_results, experimental_step.spreadsheet, reference, publication, notes, $xmlcomments, $annotations_state'
2026-06-23 16:55:26 - openbis.object_manager - DEBUG - [object_manager.py:126] - Set 2 parent(s) for 2PP-000013
2026-06-23 16:55:27 - openbis.object_manager - INFO - [object_manager.py:129] - Created EXPERIMENTAL_STEP: 2PP-000013
2026-06-23 16:55:28 - openbis.object_manager - DEBUG - [object_manager.py:134] - Object permId: 20260623165526766-55141
2026-06-23 16:55:28 - __main__ - INFO - [main.py:176] - Created EXPERIMENTAL_STEP '2PP-000013' (permId: 20260623165526766-55141)
2026-06-23 16:55:28 - __main__ - INFO - [main.py:127] - Processing: 2PP-000014 (20260317_2PP_UV-Sheet Text)
2026-06-23 16:55:29 - openbis.object_manager - DEBUG - [object_manager.py:53] - Object '20260205131700798-40543' found via direct lookup
2026-06-23 16:55:29 - openbis.object_manager - DEBUG - [object_manager.py:53] - Object '20260304152609654-47020' found via direct lookup
2026-06-23 16:55:29 - openbis.object_manager - DEBUG - [object_manager.py:121] - Could not set print_date property: 'No such property: «print_date». Allowed properties are: $name, $show_in_project_overview, finished_flag, start_date, end_date, experimental_step.experimental_goals, experimental_step.experimental_description, experimental_step.experimental_results, experimental_step.spreadsheet, reference, publication, notes, $xmlcomments, $annotations_state'
2026-06-23 16:55:30 - openbis.object_manager - DEBUG - [object_manager.py:126] - Set 2 parent(s) for 2PP-000014
2026-06-23 16:55:31 - openbis.object_manager - INFO - [object_manager.py:129] - Created EXPERIMENTAL_STEP: 2PP-000014
2026-06-23 16:55:32 - openbis.object_manager - DEBUG - [object_manager.py:134] - Object permId: 20260623165531031-55142
2026-06-23 16:55:32 - __main__ - INFO - [main.py:176] - Created EXPERIMENTAL_STEP '2PP-000014' (permId: 20260623165531031-55142)
2026-06-23 16:55:32 - __main__ - INFO - [main.py:127] - Processing: 2PP-000015 (20260317_2PP_DataMatrix Code Test)
2026-06-23 16:55:34 - openbis.object_manager - DEBUG - [object_manager.py:53] - Object '20260205131700798-40543' found via direct lookup
2026-06-23 16:55:35 - openbis.object_manager - DEBUG - [object_manager.py:53] - Object '20260304152609654-47020' found via direct lookup
2026-06-23 16:55:35 - openbis.object_manager - DEBUG - [object_manager.py:121] - Could not set print_date property: 'No such property: «print_date». Allowed properties are: $name, $show_in_project_overview, finished_flag, start_date, end_date, experimental_step.experimental_goals, experimental_step.experimental_description, experimental_step.experimental_results, experimental_step.spreadsheet, reference, publication, notes, $xmlcomments, $annotations_state'
2026-06-23 16:55:36 - openbis.object_manager - DEBUG - [object_manager.py:126] - Set 2 parent(s) for 2PP-000015
2026-06-23 16:55:37 - openbis.object_manager - INFO - [object_manager.py:129] - Created EXPERIMENTAL_STEP: 2PP-000015
2026-06-23 16:55:38 - openbis.object_manager - DEBUG - [object_manager.py:134] - Object permId: 20260623165536842-55143
2026-06-23 16:55:38 - __main__ - INFO - [main.py:176] - Created EXPERIMENTAL_STEP '2PP-000015' (permId: 20260623165536842-55143)
2026-06-23 16:55:38 - __main__ - INFO - [main.py:127] - Processing: 2PP-000016 (20260317_2PP_Pillars_TPMS)
2026-06-23 16:55:39 - openbis.object_manager - DEBUG - [object_manager.py:53] - Object '20260205131700798-40543' found via direct lookup
2026-06-23 16:55:39 - openbis.object_manager - DEBUG - [object_manager.py:53] - Object '20260304152609654-47020' found via direct lookup
2026-06-23 16:55:39 - openbis.object_manager - DEBUG - [object_manager.py:121] - Could not set print_date property: 'No such property: «print_date». Allowed properties are: $name, $show_in_project_overview, finished_flag, start_date, end_date, experimental_step.experimental_goals, experimental_step.experimental_description, experimental_step.experimental_results, experimental_step.spreadsheet, reference, publication, notes, $xmlcomments, $annotations_state'
2026-06-23 16:55:40 - openbis.object_manager - DEBUG - [object_manager.py:126] - Set 2 parent(s) for 2PP-000016
2026-06-23 16:55:42 - openbis.object_manager - INFO - [object_manager.py:129] - Created EXPERIMENTAL_STEP: 2PP-000016
2026-06-23 16:55:42 - openbis.object_manager - DEBUG - [object_manager.py:134] - Object permId: 20260623165541206-55144
2026-06-23 16:55:42 - __main__ - INFO - [main.py:176] - Created EXPERIMENTAL_STEP '2PP-000016' (permId: 20260623165541206-55144)
2026-06-23 16:55:42 - __main__ - INFO - [main.py:127] - Processing: 2PP-000017 (20260319_2PP_Hybrid Pillar Array)
2026-06-23 16:55:43 - openbis.object_manager - DEBUG - [object_manager.py:53] - Object '20251209154344843-23579' found via direct lookup
2026-06-23 16:55:43 - __main__ - ERROR - [main.py:142] - Row '2PP-000017': Substrate ID is empty or missing – skipping
2026-06-23 16:55:43 - __main__ - INFO - [main.py:127] - Processing: 2PP-000018 (20260414_2PP_SchwarzP 2x2x2 array powerxspeed)
2026-06-23 16:55:45 - openbis.object_manager - DEBUG - [object_manager.py:53] - Object '20260205131700798-40543' found via direct lookup
2026-06-23 16:55:45 - openbis.object_manager - DEBUG - [object_manager.py:53] - Object '20260304152642775-47021' found via direct lookup
2026-06-23 16:55:45 - openbis.object_manager - DEBUG - [object_manager.py:121] - Could not set print_date property: 'No such property: «print_date». Allowed properties are: $name, $show_in_project_overview, finished_flag, start_date, end_date, experimental_step.experimental_goals, experimental_step.experimental_description, experimental_step.experimental_results, experimental_step.spreadsheet, reference, publication, notes, $xmlcomments, $annotations_state'
2026-06-23 16:55:46 - openbis.object_manager - DEBUG - [object_manager.py:126] - Set 2 parent(s) for 2PP-000018
2026-06-23 16:55:47 - openbis.object_manager - INFO - [object_manager.py:129] - Created EXPERIMENTAL_STEP: 2PP-000018
2026-06-23 16:55:48 - openbis.object_manager - DEBUG - [object_manager.py:134] - Object permId: 20260623165546853-55145
2026-06-23 16:55:48 - __main__ - INFO - [main.py:176] - Created EXPERIMENTAL_STEP '2PP-000018' (permId: 20260623165546853-55145)
2026-06-23 16:55:48 - __main__ - INFO - [main.py:127] - Processing: 2PP-000019 (20260415_2PP_SP large infill test)
2026-06-23 16:55:49 - openbis.object_manager - DEBUG - [object_manager.py:53] - Object '20251113100232864-20580' found via direct lookup
2026-06-23 16:55:49 - openbis.object_manager - DEBUG - [object_manager.py:53] - Object '20260304152747687-47022' found via direct lookup
2026-06-23 16:55:49 - openbis.object_manager - DEBUG - [object_manager.py:121] - Could not set print_date property: 'No such property: «print_date». Allowed properties are: $name, $show_in_project_overview, finished_flag, start_date, end_date, experimental_step.experimental_goals, experimental_step.experimental_description, experimental_step.experimental_results, experimental_step.spreadsheet, reference, publication, notes, $xmlcomments, $annotations_state'
2026-06-23 16:55:50 - openbis.object_manager - DEBUG - [object_manager.py:126] - Set 2 parent(s) for 2PP-000019
2026-06-23 16:55:51 - openbis.object_manager - INFO - [object_manager.py:129] - Created EXPERIMENTAL_STEP: 2PP-000019
2026-06-23 16:55:52 - openbis.object_manager - DEBUG - [object_manager.py:134] - Object permId: 20260623165551080-55146
2026-06-23 16:55:52 - __main__ - INFO - [main.py:176] - Created EXPERIMENTAL_STEP '2PP-000019' (permId: 20260623165551080-55146)
2026-06-23 16:55:52 - __main__ - INFO - [main.py:127] - Processing: 2PP-000020 (20260416_2PP_SP large infill test)
2026-06-23 16:55:54 - openbis.object_manager - DEBUG - [object_manager.py:53] - Object '20251113100232864-20580' found via direct lookup
2026-06-23 16:55:54 - openbis.object_manager - DEBUG - [object_manager.py:53] - Object '20260304152747687-47022' found via direct lookup
2026-06-23 16:55:54 - openbis.object_manager - DEBUG - [object_manager.py:121] - Could not set print_date property: 'No such property: «print_date». Allowed properties are: $name, $show_in_project_overview, finished_flag, start_date, end_date, experimental_step.experimental_goals, experimental_step.experimental_description, experimental_step.experimental_results, experimental_step.spreadsheet, reference, publication, notes, $xmlcomments, $annotations_state'
2026-06-23 16:55:55 - openbis.object_manager - DEBUG - [object_manager.py:126] - Set 2 parent(s) for 2PP-000020
2026-06-23 16:55:56 - openbis.object_manager - INFO - [object_manager.py:129] - Created EXPERIMENTAL_STEP: 2PP-000020
2026-06-23 16:55:57 - openbis.object_manager - DEBUG - [object_manager.py:134] - Object permId: 20260623165555918-55147
2026-06-23 16:55:57 - __main__ - INFO - [main.py:176] - Created EXPERIMENTAL_STEP '2PP-000020' (permId: 20260623165555918-55147)
2026-06-23 16:55:57 - __main__ - INFO - [main.py:127] - Processing: 2PP-000021 (20260416_2PP_DataMatrix Code Test2)
2026-06-23 16:55:58 - openbis.object_manager - DEBUG - [object_manager.py:53] - Object '20260205131700798-40543' found via direct lookup
2026-06-23 16:55:58 - openbis.object_manager - DEBUG - [object_manager.py:53] - Object '20260304152642775-47021' found via direct lookup
2026-06-23 16:55:58 - openbis.object_manager - DEBUG - [object_manager.py:121] - Could not set print_date property: 'No such property: «print_date». Allowed properties are: $name, $show_in_project_overview, finished_flag, start_date, end_date, experimental_step.experimental_goals, experimental_step.experimental_description, experimental_step.experimental_results, experimental_step.spreadsheet, reference, publication, notes, $xmlcomments, $annotations_state'
2026-06-23 16:55:59 - openbis.object_manager - DEBUG - [object_manager.py:126] - Set 2 parent(s) for 2PP-000021
2026-06-23 16:56:01 - openbis.object_manager - INFO - [object_manager.py:129] - Created EXPERIMENTAL_STEP: 2PP-000021
2026-06-23 16:56:01 - openbis.object_manager - DEBUG - [object_manager.py:134] - Object permId: 20260623165600222-55148
2026-06-23 16:56:01 - __main__ - INFO - [main.py:176] - Created EXPERIMENTAL_STEP '2PP-000021' (permId: 20260623165600222-55148)
2026-06-23 16:56:01 - __main__ - INFO - [main.py:127] - Processing: 2PP-000022 (20260416_2PP_SchwarzP 2x2x2 array z-offsetxlayerheight)
2026-06-23 16:56:02 - openbis.object_manager - DEBUG - [object_manager.py:53] - Object '20260205131700798-40543' found via direct lookup
2026-06-23 16:56:03 - openbis.object_manager - DEBUG - [object_manager.py:53] - Object '20260304152642775-47021' found via direct lookup
2026-06-23 16:56:03 - openbis.object_manager - DEBUG - [object_manager.py:121] - Could not set print_date property: 'No such property: «print_date». Allowed properties are: $name, $show_in_project_overview, finished_flag, start_date, end_date, experimental_step.experimental_goals, experimental_step.experimental_description, experimental_step.experimental_results, experimental_step.spreadsheet, reference, publication, notes, $xmlcomments, $annotations_state'
2026-06-23 16:56:04 - openbis.object_manager - DEBUG - [object_manager.py:126] - Set 2 parent(s) for 2PP-000022
2026-06-23 16:56:05 - openbis.object_manager - INFO - [object_manager.py:129] - Created EXPERIMENTAL_STEP: 2PP-000022
2026-06-23 16:56:05 - openbis.object_manager - DEBUG - [object_manager.py:134] - Object permId: 20260623165604362-55149
2026-06-23 16:56:05 - __main__ - INFO - [main.py:176] - Created EXPERIMENTAL_STEP '2PP-000022' (permId: 20260623165604362-55149)
2026-06-23 16:56:05 - __main__ - INFO - [main.py:127] - Processing: 2PP-000023 (20260421_2PP_cubes 5x3 array)
2026-06-23 16:56:06 - openbis.object_manager - DEBUG - [object_manager.py:53] - Object '20260205131700798-40543' found via direct lookup
2026-06-23 16:56:08 - openbis.object_manager - DEBUG - [object_manager.py:53] - Object '20260430131257526-50864' found via direct lookup
2026-06-23 16:56:08 - openbis.object_manager - DEBUG - [object_manager.py:121] - Could not set print_date property: 'No such property: «print_date». Allowed properties are: $name, $show_in_project_overview, finished_flag, start_date, end_date, experimental_step.experimental_goals, experimental_step.experimental_description, experimental_step.experimental_results, experimental_step.spreadsheet, reference, publication, notes, $xmlcomments, $annotations_state'
2026-06-23 16:56:08 - openbis.object_manager - DEBUG - [object_manager.py:126] - Set 2 parent(s) for 2PP-000023
2026-06-23 16:56:09 - openbis.object_manager - INFO - [object_manager.py:129] - Created EXPERIMENTAL_STEP: 2PP-000023
2026-06-23 16:56:10 - openbis.object_manager - DEBUG - [object_manager.py:134] - Object permId: 20260623165609330-55150
2026-06-23 16:56:10 - __main__ - INFO - [main.py:176] - Created EXPERIMENTAL_STEP '2PP-000023' (permId: 20260623165609330-55150)
2026-06-23 16:56:10 - __main__ - INFO - [main.py:127] - Processing: 2PP-000024 (20260422_2PP_Schwarz P 2x2x2 array powerxspeed2)
2026-06-23 16:56:11 - openbis.object_manager - DEBUG - [object_manager.py:53] - Object '20260205131700798-40543' found via direct lookup
2026-06-23 16:56:12 - openbis.object_manager - DEBUG - [object_manager.py:53] - Object '20260430131303703-50866' found via direct lookup
2026-06-23 16:56:12 - openbis.object_manager - DEBUG - [object_manager.py:121] - Could not set print_date property: 'No such property: «print_date». Allowed properties are: $name, $show_in_project_overview, finished_flag, start_date, end_date, experimental_step.experimental_goals, experimental_step.experimental_description, experimental_step.experimental_results, experimental_step.spreadsheet, reference, publication, notes, $xmlcomments, $annotations_state'
2026-06-23 16:56:12 - openbis.object_manager - DEBUG - [object_manager.py:126] - Set 2 parent(s) for 2PP-000024
2026-06-23 16:56:14 - openbis.object_manager - INFO - [object_manager.py:129] - Created EXPERIMENTAL_STEP: 2PP-000024
2026-06-23 16:56:14 - openbis.object_manager - DEBUG - [object_manager.py:134] - Object permId: 20260623165613326-55151
2026-06-23 16:56:14 - __main__ - INFO - [main.py:176] - Created EXPERIMENTAL_STEP '2PP-000024' (permId: 20260623165613326-55151)
2026-06-23 16:56:14 - __main__ - INFO - [main.py:127] - Processing: 2PP-000025 (20260428_2PP_speed array 3x5 5mW 1000-10000)
2026-06-23 16:56:15 - openbis.object_manager - DEBUG - [object_manager.py:53] - Object '20260205131700798-40543' found via direct lookup
2026-06-23 16:56:16 - openbis.object_manager - DEBUG - [object_manager.py:53] - Object '20260430131310069-50868' found via direct lookup
2026-06-23 16:56:16 - openbis.object_manager - DEBUG - [object_manager.py:121] - Could not set print_date property: 'No such property: «print_date». Allowed properties are: $name, $show_in_project_overview, finished_flag, start_date, end_date, experimental_step.experimental_goals, experimental_step.experimental_description, experimental_step.experimental_results, experimental_step.spreadsheet, reference, publication, notes, $xmlcomments, $annotations_state'
2026-06-23 16:56:17 - openbis.object_manager - DEBUG - [object_manager.py:126] - Set 2 parent(s) for 2PP-000025
2026-06-23 16:56:18 - openbis.object_manager - INFO - [object_manager.py:129] - Created EXPERIMENTAL_STEP: 2PP-000025
2026-06-23 16:56:18 - openbis.object_manager - DEBUG - [object_manager.py:134] - Object permId: 20260623165617421-55152
2026-06-23 16:56:18 - __main__ - INFO - [main.py:176] - Created EXPERIMENTAL_STEP '2PP-000025' (permId: 20260623165617421-55152)
2026-06-23 16:56:18 - __main__ - INFO - [main.py:127] - Processing: 2PP-000026 (20260428_2PP_speed array 3x5 8mW 7500-17500)
2026-06-23 16:56:19 - openbis.object_manager - DEBUG - [object_manager.py:53] - Object '20260205131700798-40543' found via direct lookup
2026-06-23 16:56:20 - openbis.object_manager - DEBUG - [object_manager.py:53] - Object '20260430131310069-50868' found via direct lookup
2026-06-23 16:56:20 - openbis.object_manager - DEBUG - [object_manager.py:121] - Could not set print_date property: 'No such property: «print_date». Allowed properties are: $name, $show_in_project_overview, finished_flag, start_date, end_date, experimental_step.experimental_goals, experimental_step.experimental_description, experimental_step.experimental_results, experimental_step.spreadsheet, reference, publication, notes, $xmlcomments, $annotations_state'
2026-06-23 16:56:21 - openbis.object_manager - DEBUG - [object_manager.py:126] - Set 2 parent(s) for 2PP-000026
2026-06-23 16:56:21 - openbis.object_manager - INFO - [object_manager.py:129] - Created EXPERIMENTAL_STEP: 2PP-000026
2026-06-23 16:56:22 - openbis.object_manager - DEBUG - [object_manager.py:134] - Object permId: 20260623165621364-55153
2026-06-23 16:56:22 - __main__ - INFO - [main.py:176] - Created EXPERIMENTAL_STEP '2PP-000026' (permId: 20260623165621364-55153)
2026-06-23 16:56:22 - __main__ - INFO - [main.py:127] - Processing: 2PP-000027 (20260504_2PP_cubes 3x3 array 7,8,9mW)
2026-06-23 16:56:23 - openbis.object_manager - DEBUG - [object_manager.py:53] - Object '20260205131700798-40543' found via direct lookup
2026-06-23 16:56:24 - openbis.object_manager - DEBUG - [object_manager.py:53] - Object '20260609094438586-53109' found via direct lookup
2026-06-23 16:56:24 - openbis.object_manager - DEBUG - [object_manager.py:121] - Could not set print_date property: 'No such property: «print_date». Allowed properties are: $name, $show_in_project_overview, finished_flag, start_date, end_date, experimental_step.experimental_goals, experimental_step.experimental_description, experimental_step.experimental_results, experimental_step.spreadsheet, reference, publication, notes, $xmlcomments, $annotations_state'
2026-06-23 16:56:25 - openbis.object_manager - DEBUG - [object_manager.py:126] - Set 2 parent(s) for 2PP-000027
2026-06-23 16:56:25 - openbis.object_manager - INFO - [object_manager.py:129] - Created EXPERIMENTAL_STEP: 2PP-000027
2026-06-23 16:56:26 - openbis.object_manager - DEBUG - [object_manager.py:134] - Object permId: 20260623165625369-55154
2026-06-23 16:56:26 - __main__ - INFO - [main.py:176] - Created EXPERIMENTAL_STEP '2PP-000027' (permId: 20260623165625369-55154)
2026-06-23 16:56:26 - __main__ - INFO - [main.py:127] - Processing: 2PP-000028 (20260504_2PP_cubes 3x3 array 4,5,6mW)
2026-06-23 16:56:27 - openbis.object_manager - DEBUG - [object_manager.py:53] - Object '20260205131700798-40543' found via direct lookup
2026-06-23 16:56:28 - openbis.object_manager - DEBUG - [object_manager.py:53] - Object '20260609094438586-53109' found via direct lookup
2026-06-23 16:56:28 - openbis.object_manager - DEBUG - [object_manager.py:121] - Could not set print_date property: 'No such property: «print_date». Allowed properties are: $name, $show_in_project_overview, finished_flag, start_date, end_date, experimental_step.experimental_goals, experimental_step.experimental_description, experimental_step.experimental_results, experimental_step.spreadsheet, reference, publication, notes, $xmlcomments, $annotations_state'
2026-06-23 16:56:29 - openbis.object_manager - DEBUG - [object_manager.py:126] - Set 2 parent(s) for 2PP-000028
2026-06-23 16:56:29 - openbis.object_manager - INFO - [object_manager.py:129] - Created EXPERIMENTAL_STEP: 2PP-000028
2026-06-23 16:56:30 - openbis.object_manager - DEBUG - [object_manager.py:134] - Object permId: 20260623165629349-55155
2026-06-23 16:56:30 - __main__ - INFO - [main.py:176] - Created EXPERIMENTAL_STEP '2PP-000028' (permId: 20260623165629349-55155)
2026-06-23 16:56:30 - __main__ - INFO - [main.py:127] - Processing: 2PP-000029 (20260505_2PP_cubes u Schwarz P array nanoindent(8mW))
2026-06-23 16:56:31 - openbis.object_manager - DEBUG - [object_manager.py:53] - Object '20260205131700798-40543' found via direct lookup
2026-06-23 16:56:32 - openbis.object_manager - DEBUG - [object_manager.py:53] - Object '20260609094438586-53109' found via direct lookup
2026-06-23 16:56:32 - openbis.object_manager - DEBUG - [object_manager.py:121] - Could not set print_date property: 'No such property: «print_date». Allowed properties are: $name, $show_in_project_overview, finished_flag, start_date, end_date, experimental_step.experimental_goals, experimental_step.experimental_description, experimental_step.experimental_results, experimental_step.spreadsheet, reference, publication, notes, $xmlcomments, $annotations_state'
2026-06-23 16:56:33 - openbis.object_manager - DEBUG - [object_manager.py:126] - Set 2 parent(s) for 2PP-000029
2026-06-23 16:56:34 - openbis.object_manager - INFO - [object_manager.py:129] - Created EXPERIMENTAL_STEP: 2PP-000029
2026-06-23 16:56:34 - openbis.object_manager - DEBUG - [object_manager.py:134] - Object permId: 20260623165633475-55156
2026-06-23 16:56:34 - __main__ - INFO - [main.py:176] - Created EXPERIMENTAL_STEP '2PP-000029' (permId: 20260623165633475-55156)
2026-06-23 16:56:34 - __main__ - INFO - [main.py:127] - Processing: 2PP-000030 (20260505_2PP_cubes u Schwarz P array nanoindent(5mW))
2026-06-23 16:56:36 - openbis.object_manager - DEBUG - [object_manager.py:53] - Object '20260205131700798-40543' found via direct lookup
2026-06-23 16:56:36 - openbis.object_manager - DEBUG - [object_manager.py:53] - Object '20260609094438586-53109' found via direct lookup
2026-06-23 16:56:36 - openbis.object_manager - DEBUG - [object_manager.py:121] - Could not set print_date property: 'No such property: «print_date». Allowed properties are: $name, $show_in_project_overview, finished_flag, start_date, end_date, experimental_step.experimental_goals, experimental_step.experimental_description, experimental_step.experimental_results, experimental_step.spreadsheet, reference, publication, notes, $xmlcomments, $annotations_state'
2026-06-23 16:56:37 - openbis.object_manager - DEBUG - [object_manager.py:126] - Set 2 parent(s) for 2PP-000030
2026-06-23 16:56:38 - openbis.object_manager - INFO - [object_manager.py:129] - Created EXPERIMENTAL_STEP: 2PP-000030
2026-06-23 16:56:39 - openbis.object_manager - DEBUG - [object_manager.py:134] - Object permId: 20260623165637942-55157
2026-06-23 16:56:39 - __main__ - INFO - [main.py:176] - Created EXPERIMENTAL_STEP '2PP-000030' (permId: 20260623165637942-55157)
2026-06-23 16:56:39 - __main__ - INFO - [main.py:127] - Processing: 2PP-000031 (20260529_2PP_cubes 3x3 array 4,5,6mW)
2026-06-23 16:56:40 - openbis.object_manager - DEBUG - [object_manager.py:53] - Object '20260205131700798-40543' found via direct lookup
2026-06-23 16:56:41 - openbis.object_manager - DEBUG - [object_manager.py:53] - Object '20260430131253315-50863' found via direct lookup
2026-06-23 16:56:41 - openbis.object_manager - DEBUG - [object_manager.py:121] - Could not set print_date property: 'No such property: «print_date». Allowed properties are: $name, $show_in_project_overview, finished_flag, start_date, end_date, experimental_step.experimental_goals, experimental_step.experimental_description, experimental_step.experimental_results, experimental_step.spreadsheet, reference, publication, notes, $xmlcomments, $annotations_state'
2026-06-23 16:56:41 - openbis.object_manager - DEBUG - [object_manager.py:126] - Set 2 parent(s) for 2PP-000031
2026-06-23 16:56:42 - openbis.object_manager - INFO - [object_manager.py:129] - Created EXPERIMENTAL_STEP: 2PP-000031
2026-06-23 16:56:43 - openbis.object_manager - DEBUG - [object_manager.py:134] - Object permId: 20260623165642300-55158
2026-06-23 16:56:43 - __main__ - INFO - [main.py:176] - Created EXPERIMENTAL_STEP '2PP-000031' (permId: 20260623165642300-55158)
2026-06-23 16:56:43 - __main__ - INFO - [main.py:127] - Processing: 2PP-000032 (20260601_2PP_Pillar Test 8YSZ)
2026-06-23 16:56:45 - openbis.object_manager - DEBUG - [object_manager.py:53] - Object '20260528144122603-52269' found via direct lookup
2026-06-23 16:56:46 - openbis.object_manager - DEBUG - [object_manager.py:53] - Object '20260126175936336-39132' found via direct lookup
2026-06-23 16:56:46 - openbis.object_manager - DEBUG - [object_manager.py:121] - Could not set print_date property: 'No such property: «print_date». Allowed properties are: $name, $show_in_project_overview, finished_flag, start_date, end_date, experimental_step.experimental_goals, experimental_step.experimental_description, experimental_step.experimental_results, experimental_step.spreadsheet, reference, publication, notes, $xmlcomments, $annotations_state'
2026-06-23 16:56:47 - openbis.object_manager - DEBUG - [object_manager.py:126] - Set 2 parent(s) for 2PP-000032
2026-06-23 16:56:48 - openbis.object_manager - INFO - [object_manager.py:129] - Created EXPERIMENTAL_STEP: 2PP-000032
2026-06-23 16:56:49 - openbis.object_manager - DEBUG - [object_manager.py:134] - Object permId: 20260623165648099-55159
2026-06-23 16:56:49 - __main__ - INFO - [main.py:176] - Created EXPERIMENTAL_STEP '2PP-000032' (permId: 20260623165648099-55159)
2026-06-23 16:56:49 - __main__ - INFO - [main.py:127] - Processing: 2PP-000033 (19000100_2PP_)
2026-06-23 16:56:50 - __main__ - ERROR - [main.py:142] - Row '2PP-000033': Resin ID is empty or missing – skipping
2026-06-23 16:56:50 - __main__ - INFO - [main.py:127] - Processing: 2PP-000034 (19000100_2PP_)
2026-06-23 16:56:51 - __main__ - ERROR - [main.py:142] - Row '2PP-000034': Resin ID is empty or missing – skipping
2026-06-23 16:56:51 - __main__ - INFO - [main.py:127] - Processing: 2PP-000035 (20260602_2PP_Bussi 100µm 1000 6mW)
2026-06-23 16:56:52 - openbis.object_manager - DEBUG - [object_manager.py:53] - Object '20260205131700798-40543' found via direct lookup
2026-06-23 16:56:52 - openbis.object_manager - DEBUG - [object_manager.py:53] - Object '20260609094439480-53111' found via direct lookup
2026-06-23 16:56:52 - openbis.object_manager - DEBUG - [object_manager.py:121] - Could not set print_date property: 'No such property: «print_date». Allowed properties are: $name, $show_in_project_overview, finished_flag, start_date, end_date, experimental_step.experimental_goals, experimental_step.experimental_description, experimental_step.experimental_results, experimental_step.spreadsheet, reference, publication, notes, $xmlcomments, $annotations_state'
2026-06-23 16:56:53 - openbis.object_manager - DEBUG - [object_manager.py:126] - Set 2 parent(s) for 2PP-000035
2026-06-23 16:56:54 - openbis.object_manager - INFO - [object_manager.py:129] - Created EXPERIMENTAL_STEP: 2PP-000035
2026-06-23 16:56:55 - openbis.object_manager - DEBUG - [object_manager.py:134] - Object permId: 20260623165654286-55160
2026-06-23 16:56:55 - __main__ - INFO - [main.py:176] - Created EXPERIMENTAL_STEP '2PP-000035' (permId: 20260623165654286-55160)
2026-06-23 16:56:55 - __main__ - INFO - [main.py:127] - Processing: 2PP-000036 (20260602_2PP_Bussi 100µm 5000 4mW)
2026-06-23 16:56:56 - openbis.object_manager - DEBUG - [object_manager.py:53] - Object '20260205131700798-40543' found via direct lookup
2026-06-23 16:56:57 - openbis.object_manager - DEBUG - [object_manager.py:53] - Object '20260609094439480-53111' found via direct lookup
2026-06-23 16:56:57 - openbis.object_manager - DEBUG - [object_manager.py:121] - Could not set print_date property: 'No such property: «print_date». Allowed properties are: $name, $show_in_project_overview, finished_flag, start_date, end_date, experimental_step.experimental_goals, experimental_step.experimental_description, experimental_step.experimental_results, experimental_step.spreadsheet, reference, publication, notes, $xmlcomments, $annotations_state'
2026-06-23 16:56:58 - openbis.object_manager - DEBUG - [object_manager.py:126] - Set 2 parent(s) for 2PP-000036
2026-06-23 16:56:59 - openbis.object_manager - INFO - [object_manager.py:129] - Created EXPERIMENTAL_STEP: 2PP-000036
2026-06-23 16:56:59 - openbis.object_manager - DEBUG - [object_manager.py:134] - Object permId: 20260623165658694-55161
2026-06-23 16:56:59 - __main__ - INFO - [main.py:176] - Created EXPERIMENTAL_STEP '2PP-000036' (permId: 20260623165658694-55161)
2026-06-23 16:56:59 - __main__ - INFO - [main.py:127] - Processing: 2PP-000037 (19000100_2PP_)
2026-06-23 16:57:00 - __main__ - ERROR - [main.py:142] - Row '2PP-000037': Resin ID is empty or missing – skipping
2026-06-23 16:57:00 - __main__ - INFO - [main.py:127] - Processing: 2PP-000038 (19000100_2PP_)
2026-06-23 16:57:01 - __main__ - ERROR - [main.py:142] - Row '2PP-000038': Resin ID is empty or missing – skipping
2026-06-23 16:57:01 - __main__ - INFO - [main.py:127] - Processing: 2PP-000039 (20260608_2PP_cubes 3x3 array 7,8,9mw)
2026-06-23 16:57:02 - openbis.object_manager - DEBUG - [object_manager.py:53] - Object '20260205131700798-40543' found via direct lookup
2026-06-23 16:57:03 - openbis.object_manager - DEBUG - [object_manager.py:53] - Object '20260430131253315-50863' found via direct lookup
2026-06-23 16:57:03 - openbis.object_manager - DEBUG - [object_manager.py:121] - Could not set print_date property: 'No such property: «print_date». Allowed properties are: $name, $show_in_project_overview, finished_flag, start_date, end_date, experimental_step.experimental_goals, experimental_step.experimental_description, experimental_step.experimental_results, experimental_step.spreadsheet, reference, publication, notes, $xmlcomments, $annotations_state'
2026-06-23 16:57:04 - openbis.object_manager - DEBUG - [object_manager.py:126] - Set 2 parent(s) for 2PP-000039
2026-06-23 16:57:05 - openbis.object_manager - INFO - [object_manager.py:129] - Created EXPERIMENTAL_STEP: 2PP-000039
2026-06-23 16:57:05 - openbis.object_manager - DEBUG - [object_manager.py:134] - Object permId: 20260623165704525-55162
2026-06-23 16:57:05 - __main__ - INFO - [main.py:176] - Created EXPERIMENTAL_STEP '2PP-000039' (permId: 20260623165704525-55162)
2026-06-23 16:57:05 - __main__ - INFO - [main.py:127] - Processing: 2PP-000040 (20260608_2PP_3-point-bending V01)
2026-06-23 16:57:06 - openbis.object_manager - DEBUG - [object_manager.py:53] - Object '20260205131700798-40543' found via direct lookup
2026-06-23 16:57:07 - openbis.object_manager - DEBUG - [object_manager.py:53] - Object '20260430131253315-50863' found via direct lookup
2026-06-23 16:57:07 - openbis.object_manager - DEBUG - [object_manager.py:121] - Could not set print_date property: 'No such property: «print_date». Allowed properties are: $name, $show_in_project_overview, finished_flag, start_date, end_date, experimental_step.experimental_goals, experimental_step.experimental_description, experimental_step.experimental_results, experimental_step.spreadsheet, reference, publication, notes, $xmlcomments, $annotations_state'
2026-06-23 16:57:08 - openbis.object_manager - DEBUG - [object_manager.py:126] - Set 2 parent(s) for 2PP-000040
2026-06-23 16:57:09 - openbis.object_manager - INFO - [object_manager.py:129] - Created EXPERIMENTAL_STEP: 2PP-000040
2026-06-23 16:57:10 - openbis.object_manager - DEBUG - [object_manager.py:134] - Object permId: 20260623165708695-55163
2026-06-23 16:57:10 - __main__ - INFO - [main.py:176] - Created EXPERIMENTAL_STEP '2PP-000040' (permId: 20260623165708695-55163)
2026-06-23 16:57:10 - __main__ - INFO - [main.py:127] - Processing: 2PP-000041 (20260609_2PP_Bus 50ym)
2026-06-23 16:57:11 - openbis.object_manager - DEBUG - [object_manager.py:53] - Object '20260205131700798-40543' found via direct lookup
2026-06-23 16:57:11 - openbis.object_manager - DEBUG - [object_manager.py:53] - Object '20260609153436383-53136' found via direct lookup
2026-06-23 16:57:11 - openbis.object_manager - DEBUG - [object_manager.py:121] - Could not set print_date property: 'No such property: «print_date». Allowed properties are: $name, $show_in_project_overview, finished_flag, start_date, end_date, experimental_step.experimental_goals, experimental_step.experimental_description, experimental_step.experimental_results, experimental_step.spreadsheet, reference, publication, notes, $xmlcomments, $annotations_state'
2026-06-23 16:57:12 - openbis.object_manager - DEBUG - [object_manager.py:126] - Set 2 parent(s) for 2PP-000041
2026-06-23 16:57:13 - openbis.object_manager - INFO - [object_manager.py:129] - Created EXPERIMENTAL_STEP: 2PP-000041
2026-06-23 16:57:14 - openbis.object_manager - DEBUG - [object_manager.py:134] - Object permId: 20260623165712983-55164
2026-06-23 16:57:14 - __main__ - INFO - [main.py:176] - Created EXPERIMENTAL_STEP '2PP-000041' (permId: 20260623165712983-55164)
2026-06-23 16:57:14 - __main__ - INFO - [main.py:127] - Processing: 2PP-000042 (20260609_2PP_Bus 50ym-2)
2026-06-23 16:57:15 - openbis.object_manager - DEBUG - [object_manager.py:53] - Object '20260205131700798-40543' found via direct lookup
2026-06-23 16:57:15 - openbis.object_manager - DEBUG - [object_manager.py:53] - Object '20260609153436383-53136' found via direct lookup
2026-06-23 16:57:15 - openbis.object_manager - DEBUG - [object_manager.py:121] - Could not set print_date property: 'No such property: «print_date». Allowed properties are: $name, $show_in_project_overview, finished_flag, start_date, end_date, experimental_step.experimental_goals, experimental_step.experimental_description, experimental_step.experimental_results, experimental_step.spreadsheet, reference, publication, notes, $xmlcomments, $annotations_state'
2026-06-23 16:57:16 - openbis.object_manager - DEBUG - [object_manager.py:126] - Set 2 parent(s) for 2PP-000042
2026-06-23 16:57:17 - openbis.object_manager - INFO - [object_manager.py:129] - Created EXPERIMENTAL_STEP: 2PP-000042
2026-06-23 16:57:18 - openbis.object_manager - DEBUG - [object_manager.py:134] - Object permId: 20260623165717298-55165
2026-06-23 16:57:18 - __main__ - INFO - [main.py:176] - Created EXPERIMENTAL_STEP '2PP-000042' (permId: 20260623165717298-55165)
2026-06-23 16:57:18 - __main__ - INFO - [main.py:127] - Processing: 2PP-000043 (20260609_2PP_Bus 50ym-3)
2026-06-23 16:57:19 - openbis.object_manager - DEBUG - [object_manager.py:53] - Object '20260205131700798-40543' found via direct lookup
2026-06-23 16:57:20 - openbis.object_manager - DEBUG - [object_manager.py:53] - Object '20260609153436383-53136' found via direct lookup
2026-06-23 16:57:20 - openbis.object_manager - DEBUG - [object_manager.py:121] - Could not set print_date property: 'No such property: «print_date». Allowed properties are: $name, $show_in_project_overview, finished_flag, start_date, end_date, experimental_step.experimental_goals, experimental_step.experimental_description, experimental_step.experimental_results, experimental_step.spreadsheet, reference, publication, notes, $xmlcomments, $annotations_state'
2026-06-23 16:57:21 - openbis.object_manager - DEBUG - [object_manager.py:126] - Set 2 parent(s) for 2PP-000043
2026-06-23 16:57:22 - openbis.object_manager - INFO - [object_manager.py:129] - Created EXPERIMENTAL_STEP: 2PP-000043
2026-06-23 16:57:22 - openbis.object_manager - DEBUG - [object_manager.py:134] - Object permId: 20260623165721633-55166
2026-06-23 16:57:22 - __main__ - INFO - [main.py:176] - Created EXPERIMENTAL_STEP '2PP-000043' (permId: 20260623165721633-55166)
2026-06-23 16:57:22 - __main__ - INFO - [main.py:127] - Processing: 2PP-000044 (20260609_2PP_Bus 50ym-4)
2026-06-23 16:57:24 - openbis.object_manager - DEBUG - [object_manager.py:53] - Object '20260205131700798-40543' found via direct lookup
2026-06-23 16:57:24 - openbis.object_manager - DEBUG - [object_manager.py:53] - Object '20260609153436383-53136' found via direct lookup
2026-06-23 16:57:24 - openbis.object_manager - DEBUG - [object_manager.py:121] - Could not set print_date property: 'No such property: «print_date». Allowed properties are: $name, $show_in_project_overview, finished_flag, start_date, end_date, experimental_step.experimental_goals, experimental_step.experimental_description, experimental_step.experimental_results, experimental_step.spreadsheet, reference, publication, notes, $xmlcomments, $annotations_state'
2026-06-23 16:57:25 - openbis.object_manager - DEBUG - [object_manager.py:126] - Set 2 parent(s) for 2PP-000044
2026-06-23 16:57:26 - openbis.object_manager - INFO - [object_manager.py:129] - Created EXPERIMENTAL_STEP: 2PP-000044
2026-06-23 16:57:27 - openbis.object_manager - DEBUG - [object_manager.py:134] - Object permId: 20260623165725794-55167
2026-06-23 16:57:27 - __main__ - INFO - [main.py:176] - Created EXPERIMENTAL_STEP '2PP-000044' (permId: 20260623165725794-55167)
2026-06-23 16:57:27 - __main__ - INFO - [main.py:127] - Processing: 2PP-000045 (20260609_2PP_Bus 50ym)
2026-06-23 16:57:28 - openbis.object_manager - DEBUG - [object_manager.py:53] - Object '20260205131700798-40543' found via direct lookup
2026-06-23 16:57:28 - openbis.object_manager - DEBUG - [object_manager.py:53] - Object '20260609155354152-53144' found via direct lookup
2026-06-23 16:57:28 - openbis.object_manager - DEBUG - [object_manager.py:121] - Could not set print_date property: 'No such property: «print_date». Allowed properties are: $name, $show_in_project_overview, finished_flag, start_date, end_date, experimental_step.experimental_goals, experimental_step.experimental_description, experimental_step.experimental_results, experimental_step.spreadsheet, reference, publication, notes, $xmlcomments, $annotations_state'
2026-06-23 16:57:29 - openbis.object_manager - DEBUG - [object_manager.py:126] - Set 2 parent(s) for 2PP-000045
2026-06-23 16:57:30 - openbis.object_manager - INFO - [object_manager.py:129] - Created EXPERIMENTAL_STEP: 2PP-000045
2026-06-23 16:57:31 - openbis.object_manager - DEBUG - [object_manager.py:134] - Object permId: 20260623165729969-55168
2026-06-23 16:57:31 - __main__ - INFO - [main.py:176] - Created EXPERIMENTAL_STEP '2PP-000045' (permId: 20260623165729969-55168)
2026-06-23 16:57:31 - __main__ - INFO - [main.py:127] - Processing: 2PP-000046 (20260609_2PP_Bus 50ym-2)
2026-06-23 16:57:32 - openbis.object_manager - DEBUG - [object_manager.py:53] - Object '20260205131700798-40543' found via direct lookup
2026-06-23 16:57:32 - openbis.object_manager - DEBUG - [object_manager.py:53] - Object '20260609155354152-53144' found via direct lookup
2026-06-23 16:57:32 - openbis.object_manager - DEBUG - [object_manager.py:121] - Could not set print_date property: 'No such property: «print_date». Allowed properties are: $name, $show_in_project_overview, finished_flag, start_date, end_date, experimental_step.experimental_goals, experimental_step.experimental_description, experimental_step.experimental_results, experimental_step.spreadsheet, reference, publication, notes, $xmlcomments, $annotations_state'
2026-06-23 16:57:33 - openbis.object_manager - DEBUG - [object_manager.py:126] - Set 2 parent(s) for 2PP-000046
2026-06-23 16:57:34 - openbis.object_manager - INFO - [object_manager.py:129] - Created EXPERIMENTAL_STEP: 2PP-000046
2026-06-23 16:57:35 - openbis.object_manager - DEBUG - [object_manager.py:134] - Object permId: 20260623165734022-55169
2026-06-23 16:57:35 - __main__ - INFO - [main.py:176] - Created EXPERIMENTAL_STEP '2PP-000046' (permId: 20260623165734022-55169)
2026-06-23 16:57:35 - __main__ - INFO - [main.py:127] - Processing: 2PP-000047 (20260609_2PP_Bus 50ym-3)
2026-06-23 16:57:36 - openbis.object_manager - DEBUG - [object_manager.py:53] - Object '20260205131700798-40543' found via direct lookup
2026-06-23 16:57:36 - openbis.object_manager - DEBUG - [object_manager.py:53] - Object '20260609155354152-53144' found via direct lookup
2026-06-23 16:57:36 - openbis.object_manager - DEBUG - [object_manager.py:121] - Could not set print_date property: 'No such property: «print_date». Allowed properties are: $name, $show_in_project_overview, finished_flag, start_date, end_date, experimental_step.experimental_goals, experimental_step.experimental_description, experimental_step.experimental_results, experimental_step.spreadsheet, reference, publication, notes, $xmlcomments, $annotations_state'
2026-06-23 16:57:37 - openbis.object_manager - DEBUG - [object_manager.py:126] - Set 2 parent(s) for 2PP-000047
2026-06-23 16:57:38 - openbis.object_manager - INFO - [object_manager.py:129] - Created EXPERIMENTAL_STEP: 2PP-000047
2026-06-23 16:57:38 - openbis.object_manager - DEBUG - [object_manager.py:134] - Object permId: 20260623165737984-55170
2026-06-23 16:57:38 - __main__ - INFO - [main.py:176] - Created EXPERIMENTAL_STEP '2PP-000047' (permId: 20260623165737984-55170)
2026-06-23 16:57:38 - __main__ - INFO - [main.py:127] - Processing: 2PP-000048 (20260609_2PP_Bus 50ym-4)
2026-06-23 16:57:40 - openbis.object_manager - DEBUG - [object_manager.py:53] - Object '20260205131700798-40543' found via direct lookup
2026-06-23 16:57:40 - openbis.object_manager - DEBUG - [object_manager.py:53] - Object '20260609155354152-53144' found via direct lookup
2026-06-23 16:57:40 - openbis.object_manager - DEBUG - [object_manager.py:121] - Could not set print_date property: 'No such property: «print_date». Allowed properties are: $name, $show_in_project_overview, finished_flag, start_date, end_date, experimental_step.experimental_goals, experimental_step.experimental_description, experimental_step.experimental_results, experimental_step.spreadsheet, reference, publication, notes, $xmlcomments, $annotations_state'
2026-06-23 16:57:41 - openbis.object_manager - DEBUG - [object_manager.py:126] - Set 2 parent(s) for 2PP-000048
2026-06-23 16:57:42 - openbis.object_manager - INFO - [object_manager.py:129] - Created EXPERIMENTAL_STEP: 2PP-000048
2026-06-23 16:57:43 - openbis.object_manager - DEBUG - [object_manager.py:134] - Object permId: 20260623165741997-55171
2026-06-23 16:57:43 - __main__ - INFO - [main.py:176] - Created EXPERIMENTAL_STEP '2PP-000048' (permId: 20260623165741997-55171)
2026-06-23 16:57:43 - __main__ - INFO - [main.py:127] - Processing: 2PP-000049 (19000100_2PP_Okawa grid)
2026-06-23 16:57:43 - __main__ - ERROR - [main.py:142] - Row '2PP-000049': Resin ID is empty or missing – skipping
2026-06-23 16:57:43 - __main__ - INFO - [main.py:127] - Processing: 2PP-000050 (20260615_2PP_BCC Lattice Tests)
2026-06-23 16:57:45 - openbis.object_manager - DEBUG - [object_manager.py:53] - Object '20260205131700798-40543' found via direct lookup
2026-06-23 16:57:45 - openbis.object_manager - DEBUG - [object_manager.py:53] - Object '20260203153714534-40209' found via direct lookup
2026-06-23 16:57:45 - openbis.object_manager - DEBUG - [object_manager.py:121] - Could not set print_date property: 'No such property: «print_date». Allowed properties are: $name, $show_in_project_overview, finished_flag, start_date, end_date, experimental_step.experimental_goals, experimental_step.experimental_description, experimental_step.experimental_results, experimental_step.spreadsheet, reference, publication, notes, $xmlcomments, $annotations_state'
2026-06-23 16:57:46 - openbis.object_manager - DEBUG - [object_manager.py:126] - Set 2 parent(s) for 2PP-000050
2026-06-23 16:57:47 - openbis.object_manager - INFO - [object_manager.py:129] - Created EXPERIMENTAL_STEP: 2PP-000050
2026-06-23 16:57:47 - openbis.object_manager - DEBUG - [object_manager.py:134] - Object permId: 20260623165746882-55172
2026-06-23 16:57:47 - __main__ - INFO - [main.py:176] - Created EXPERIMENTAL_STEP '2PP-000050' (permId: 20260623165746882-55172)
2026-06-23 16:57:47 - __main__ - INFO - [main.py:127] - Processing: 2PP-000051 (20260615_2PP_3-point-bending V01)
2026-06-23 16:57:49 - openbis.object_manager - DEBUG - [object_manager.py:53] - Object '20260205131700798-40543' found via direct lookup
2026-06-23 16:57:49 - openbis.object_manager - DEBUG - [object_manager.py:53] - Object '20260203153714534-40209' found via direct lookup
2026-06-23 16:57:49 - openbis.object_manager - DEBUG - [object_manager.py:121] - Could not set print_date property: 'No such property: «print_date». Allowed properties are: $name, $show_in_project_overview, finished_flag, start_date, end_date, experimental_step.experimental_goals, experimental_step.experimental_description, experimental_step.experimental_results, experimental_step.spreadsheet, reference, publication, notes, $xmlcomments, $annotations_state'
2026-06-23 16:57:50 - openbis.object_manager - DEBUG - [object_manager.py:126] - Set 2 parent(s) for 2PP-000051
2026-06-23 16:57:51 - openbis.object_manager - INFO - [object_manager.py:129] - Created EXPERIMENTAL_STEP: 2PP-000051
2026-06-23 16:57:52 - openbis.object_manager - DEBUG - [object_manager.py:134] - Object permId: 20260623165751070-55173
2026-06-23 16:57:52 - __main__ - INFO - [main.py:176] - Created EXPERIMENTAL_STEP '2PP-000051' (permId: 20260623165751070-55173)
2026-06-23 16:57:52 - __main__ - INFO - [main.py:127] - Processing: 2PP-000052 (20260616_2PP_Zylinder_5x5x10ym)
2026-06-23 16:57:53 - openbis.object_manager - DEBUG - [object_manager.py:53] - Object '20260205131700798-40543' found via direct lookup
2026-06-23 16:57:54 - openbis.object_manager - DEBUG - [object_manager.py:53] - Object '20260609094439480-53111' found via direct lookup
2026-06-23 16:57:54 - openbis.object_manager - DEBUG - [object_manager.py:121] - Could not set print_date property: 'No such property: «print_date». Allowed properties are: $name, $show_in_project_overview, finished_flag, start_date, end_date, experimental_step.experimental_goals, experimental_step.experimental_description, experimental_step.experimental_results, experimental_step.spreadsheet, reference, publication, notes, $xmlcomments, $annotations_state'
2026-06-23 16:57:54 - openbis.object_manager - DEBUG - [object_manager.py:126] - Set 2 parent(s) for 2PP-000052
2026-06-23 16:57:56 - openbis.object_manager - INFO - [object_manager.py:129] - Created EXPERIMENTAL_STEP: 2PP-000052
2026-06-23 16:57:56 - openbis.object_manager - DEBUG - [object_manager.py:134] - Object permId: 20260623165755342-55174
2026-06-23 16:57:56 - __main__ - INFO - [main.py:176] - Created EXPERIMENTAL_STEP '2PP-000052' (permId: 20260623165755342-55174)
2026-06-23 16:57:56 - __main__ - INFO - [main.py:127] - Processing: 2PP-000053 (20260616_2PP_Zylinder_15x15x30ym)
2026-06-23 16:57:57 - openbis.object_manager - DEBUG - [object_manager.py:53] - Object '20260205131700798-40543' found via direct lookup
2026-06-23 16:57:58 - openbis.object_manager - DEBUG - [object_manager.py:53] - Object '20260609094439480-53111' found via direct lookup
2026-06-23 16:57:58 - openbis.object_manager - DEBUG - [object_manager.py:121] - Could not set print_date property: 'No such property: «print_date». Allowed properties are: $name, $show_in_project_overview, finished_flag, start_date, end_date, experimental_step.experimental_goals, experimental_step.experimental_description, experimental_step.experimental_results, experimental_step.spreadsheet, reference, publication, notes, $xmlcomments, $annotations_state'
2026-06-23 16:57:59 - openbis.object_manager - DEBUG - [object_manager.py:126] - Set 2 parent(s) for 2PP-000053
2026-06-23 16:58:00 - openbis.object_manager - INFO - [object_manager.py:129] - Created EXPERIMENTAL_STEP: 2PP-000053
2026-06-23 16:58:00 - openbis.object_manager - DEBUG - [object_manager.py:134] - Object permId: 20260623165759610-55175
2026-06-23 16:58:00 - __main__ - INFO - [main.py:176] - Created EXPERIMENTAL_STEP '2PP-000053' (permId: 20260623165759610-55175)
2026-06-23 16:58:00 - __main__ - INFO - [main.py:127] - Processing: 2PP-000054 (20260616_2PP_Seerose 100 ym)
2026-06-23 16:58:02 - openbis.object_manager - DEBUG - [object_manager.py:53] - Object '20260205131700798-40543' found via direct lookup
2026-06-23 16:58:02 - openbis.object_manager - DEBUG - [object_manager.py:53] - Object '20260609160921677-53158' found via direct lookup
2026-06-23 16:58:02 - openbis.object_manager - DEBUG - [object_manager.py:121] - Could not set print_date property: 'No such property: «print_date». Allowed properties are: $name, $show_in_project_overview, finished_flag, start_date, end_date, experimental_step.experimental_goals, experimental_step.experimental_description, experimental_step.experimental_results, experimental_step.spreadsheet, reference, publication, notes, $xmlcomments, $annotations_state'
2026-06-23 16:58:03 - openbis.object_manager - DEBUG - [object_manager.py:126] - Set 2 parent(s) for 2PP-000054
2026-06-23 16:58:04 - openbis.object_manager - INFO - [object_manager.py:129] - Created EXPERIMENTAL_STEP: 2PP-000054
2026-06-23 16:58:05 - openbis.object_manager - DEBUG - [object_manager.py:134] - Object permId: 20260623165803817-55176
2026-06-23 16:58:05 - __main__ - INFO - [main.py:176] - Created EXPERIMENTAL_STEP '2PP-000054' (permId: 20260623165803817-55176)
2026-06-23 16:58:05 - __main__ - INFO - [main.py:127] - Processing: 2PP-000055 (20260616_2PP_Seerose 200 ym)
2026-06-23 16:58:06 - openbis.object_manager - DEBUG - [object_manager.py:53] - Object '20260205131700798-40543' found via direct lookup
2026-06-23 16:58:06 - openbis.object_manager - DEBUG - [object_manager.py:53] - Object '20260609160921677-53158' found via direct lookup
2026-06-23 16:58:06 - openbis.object_manager - DEBUG - [object_manager.py:121] - Could not set print_date property: 'No such property: «print_date». Allowed properties are: $name, $show_in_project_overview, finished_flag, start_date, end_date, experimental_step.experimental_goals, experimental_step.experimental_description, experimental_step.experimental_results, experimental_step.spreadsheet, reference, publication, notes, $xmlcomments, $annotations_state'
2026-06-23 16:58:07 - openbis.object_manager - DEBUG - [object_manager.py:126] - Set 2 parent(s) for 2PP-000055
2026-06-23 16:58:08 - openbis.object_manager - INFO - [object_manager.py:129] - Created EXPERIMENTAL_STEP: 2PP-000055
2026-06-23 16:58:09 - openbis.object_manager - DEBUG - [object_manager.py:134] - Object permId: 20260623165807952-55177
2026-06-23 16:58:09 - __main__ - INFO - [main.py:176] - Created EXPERIMENTAL_STEP '2PP-000055' (permId: 20260623165807952-55177)
2026-06-23 16:58:09 - __main__ - INFO - [main.py:127] - Processing: 2PP-000056 (20260616_2PP_Seerose 300 ym)
2026-06-23 16:58:10 - openbis.object_manager - DEBUG - [object_manager.py:53] - Object '20260205131700798-40543' found via direct lookup
2026-06-23 16:58:11 - openbis.object_manager - DEBUG - [object_manager.py:53] - Object '20260609160921677-53158' found via direct lookup
2026-06-23 16:58:11 - openbis.object_manager - DEBUG - [object_manager.py:121] - Could not set print_date property: 'No such property: «print_date». Allowed properties are: $name, $show_in_project_overview, finished_flag, start_date, end_date, experimental_step.experimental_goals, experimental_step.experimental_description, experimental_step.experimental_results, experimental_step.spreadsheet, reference, publication, notes, $xmlcomments, $annotations_state'
2026-06-23 16:58:11 - openbis.object_manager - DEBUG - [object_manager.py:126] - Set 2 parent(s) for 2PP-000056
2026-06-23 16:58:13 - openbis.object_manager - INFO - [object_manager.py:129] - Created EXPERIMENTAL_STEP: 2PP-000056
2026-06-23 16:58:13 - openbis.object_manager - DEBUG - [object_manager.py:134] - Object permId: 20260623165812210-55178
2026-06-23 16:58:13 - __main__ - INFO - [main.py:176] - Created EXPERIMENTAL_STEP '2PP-000056' (permId: 20260623165812210-55178)
2026-06-23 16:58:13 - __main__ - INFO - [main.py:127] - Processing: 2PP-000057 (20260616_2PP_Seerose 400 ym)
2026-06-23 16:58:14 - openbis.object_manager - DEBUG - [object_manager.py:53] - Object '20260205131700798-40543' found via direct lookup
2026-06-23 16:58:15 - openbis.object_manager - DEBUG - [object_manager.py:53] - Object '20260609160921677-53158' found via direct lookup
2026-06-23 16:58:15 - openbis.object_manager - DEBUG - [object_manager.py:121] - Could not set print_date property: 'No such property: «print_date». Allowed properties are: $name, $show_in_project_overview, finished_flag, start_date, end_date, experimental_step.experimental_goals, experimental_step.experimental_description, experimental_step.experimental_results, experimental_step.spreadsheet, reference, publication, notes, $xmlcomments, $annotations_state'
2026-06-23 16:58:15 - openbis.object_manager - DEBUG - [object_manager.py:126] - Set 2 parent(s) for 2PP-000057
2026-06-23 16:58:17 - openbis.object_manager - INFO - [object_manager.py:129] - Created EXPERIMENTAL_STEP: 2PP-000057
2026-06-23 16:58:17 - openbis.object_manager - DEBUG - [object_manager.py:134] - Object permId: 20260623165816346-55179
2026-06-23 16:58:17 - __main__ - INFO - [main.py:176] - Created EXPERIMENTAL_STEP '2PP-000057' (permId: 20260623165816346-55179)
2026-06-23 16:58:17 - __main__ - INFO - [main.py:127] - Processing: 2PP-000058 (20260616_2PP_Seerose 200 ym)
2026-06-23 16:58:19 - openbis.object_manager - DEBUG - [object_manager.py:53] - Object '20260205131700798-40543' found via direct lookup
2026-06-23 16:58:19 - openbis.object_manager - DEBUG - [object_manager.py:53] - Object '20260609160921677-53158' found via direct lookup
2026-06-23 16:58:19 - openbis.object_manager - DEBUG - [object_manager.py:121] - Could not set print_date property: 'No such property: «print_date». Allowed properties are: $name, $show_in_project_overview, finished_flag, start_date, end_date, experimental_step.experimental_goals, experimental_step.experimental_description, experimental_step.experimental_results, experimental_step.spreadsheet, reference, publication, notes, $xmlcomments, $annotations_state'
2026-06-23 16:58:20 - openbis.object_manager - DEBUG - [object_manager.py:126] - Set 2 parent(s) for 2PP-000058
2026-06-23 16:58:21 - openbis.object_manager - INFO - [object_manager.py:129] - Created EXPERIMENTAL_STEP: 2PP-000058
2026-06-23 16:58:22 - openbis.object_manager - DEBUG - [object_manager.py:134] - Object permId: 20260623165821047-55180
2026-06-23 16:58:22 - __main__ - INFO - [main.py:176] - Created EXPERIMENTAL_STEP '2PP-000058' (permId: 20260623165821047-55180)
2026-06-23 16:58:22 - __main__ - INFO - [main.py:127] - Processing: 2PP-000059 (20260616_2PP_Seerose 300 ym)
2026-06-23 16:58:23 - openbis.object_manager - DEBUG - [object_manager.py:53] - Object '20260205131700798-40543' found via direct lookup
2026-06-23 16:58:24 - openbis.object_manager - DEBUG - [object_manager.py:53] - Object '20260609160921677-53158' found via direct lookup
2026-06-23 16:58:24 - openbis.object_manager - DEBUG - [object_manager.py:121] - Could not set print_date property: 'No such property: «print_date». Allowed properties are: $name, $show_in_project_overview, finished_flag, start_date, end_date, experimental_step.experimental_goals, experimental_step.experimental_description, experimental_step.experimental_results, experimental_step.spreadsheet, reference, publication, notes, $xmlcomments, $annotations_state'
2026-06-23 16:58:24 - openbis.object_manager - DEBUG - [object_manager.py:126] - Set 2 parent(s) for 2PP-000059
2026-06-23 16:58:26 - openbis.object_manager - INFO - [object_manager.py:129] - Created EXPERIMENTAL_STEP: 2PP-000059
2026-06-23 16:58:26 - openbis.object_manager - DEBUG - [object_manager.py:134] - Object permId: 20260623165825328-55181
2026-06-23 16:58:26 - __main__ - INFO - [main.py:176] - Created EXPERIMENTAL_STEP '2PP-000059' (permId: 20260623165825328-55181)
2026-06-23 16:58:26 - __main__ - INFO - [main.py:127] - Processing: 2PP-000060 (20260623_2PP_speed modulation tests)
2026-06-23 16:58:27 - openbis.object_manager - DEBUG - [object_manager.py:53] - Object '20260205131700798-40543' found via direct lookup
2026-06-23 16:58:28 - openbis.object_manager - DEBUG - [object_manager.py:53] - Object '20260203153334077-40204' found via direct lookup
2026-06-23 16:58:28 - openbis.object_manager - DEBUG - [object_manager.py:121] - Could not set print_date property: 'No such property: «print_date». Allowed properties are: $name, $show_in_project_overview, finished_flag, start_date, end_date, experimental_step.experimental_goals, experimental_step.experimental_description, experimental_step.experimental_results, experimental_step.spreadsheet, reference, publication, notes, $xmlcomments, $annotations_state'
2026-06-23 16:58:29 - openbis.object_manager - DEBUG - [object_manager.py:126] - Set 2 parent(s) for 2PP-000060
2026-06-23 16:58:30 - openbis.object_manager - INFO - [object_manager.py:129] - Created EXPERIMENTAL_STEP: 2PP-000060
2026-06-23 16:58:30 - openbis.object_manager - DEBUG - [object_manager.py:134] - Object permId: 20260623165829493-55182
2026-06-23 16:58:30 - __main__ - INFO - [main.py:176] - Created EXPERIMENTAL_STEP '2PP-000060' (permId: 20260623165829493-55182)
2026-06-23 16:58:30 - __main__ - INFO - [main.py:127] - Processing: 2PP-000061 (20260623_2PP_power modulation tests)
2026-06-23 16:58:31 - openbis.object_manager - DEBUG - [object_manager.py:53] - Object '20260205131700798-40543' found via direct lookup
2026-06-23 16:58:32 - openbis.object_manager - DEBUG - [object_manager.py:53] - Object '20260203153334077-40204' found via direct lookup
2026-06-23 16:58:32 - openbis.object_manager - DEBUG - [object_manager.py:121] - Could not set print_date property: 'No such property: «print_date». Allowed properties are: $name, $show_in_project_overview, finished_flag, start_date, end_date, experimental_step.experimental_goals, experimental_step.experimental_description, experimental_step.experimental_results, experimental_step.spreadsheet, reference, publication, notes, $xmlcomments, $annotations_state'
2026-06-23 16:58:33 - openbis.object_manager - DEBUG - [object_manager.py:126] - Set 2 parent(s) for 2PP-000061
2026-06-23 16:58:34 - openbis.object_manager - INFO - [object_manager.py:129] - Created EXPERIMENTAL_STEP: 2PP-000061
2026-06-23 16:58:34 - openbis.object_manager - DEBUG - [object_manager.py:134] - Object permId: 20260623165833525-55183
2026-06-23 16:58:34 - __main__ - INFO - [main.py:176] - Created EXPERIMENTAL_STEP '2PP-000061' (permId: 20260623165833525-55183)
2026-06-23 16:58:34 - __main__ - INFO - [main.py:127] - Processing: 2PP-000062 (20260623_2PP_pause modulation tests)
2026-06-23 16:58:35 - openbis.object_manager - DEBUG - [object_manager.py:53] - Object '20260205131700798-40543' found via direct lookup
2026-06-23 16:58:36 - openbis.object_manager - DEBUG - [object_manager.py:53] - Object '20260203153334077-40204' found via direct lookup
2026-06-23 16:58:36 - openbis.object_manager - DEBUG - [object_manager.py:121] - Could not set print_date property: 'No such property: «print_date». Allowed properties are: $name, $show_in_project_overview, finished_flag, start_date, end_date, experimental_step.experimental_goals, experimental_step.experimental_description, experimental_step.experimental_results, experimental_step.spreadsheet, reference, publication, notes, $xmlcomments, $annotations_state'
2026-06-23 16:58:37 - openbis.object_manager - DEBUG - [object_manager.py:126] - Set 2 parent(s) for 2PP-000062
2026-06-23 16:58:38 - openbis.object_manager - INFO - [object_manager.py:129] - Created EXPERIMENTAL_STEP: 2PP-000062
2026-06-23 16:58:38 - openbis.object_manager - DEBUG - [object_manager.py:134] - Object permId: 20260623165837628-55184
2026-06-23 16:58:38 - __main__ - INFO - [main.py:176] - Created EXPERIMENTAL_STEP '2PP-000062' (permId: 20260623165837628-55184)
2026-06-23 16:58:38 - __main__ - INFO - [main.py:127] - Processing: 2PP-000063 (20260623_2PP_cubes u Schwarz P array nanoindent(8mW))
2026-06-23 16:58:40 - openbis.object_manager - DEBUG - [object_manager.py:53] - Object '20260205131700798-40543' found via direct lookup
2026-06-23 16:58:40 - openbis.object_manager - DEBUG - [object_manager.py:53] - Object '20260203153334077-40204' found via direct lookup
2026-06-23 16:58:40 - openbis.object_manager - DEBUG - [object_manager.py:121] - Could not set print_date property: 'No such property: «print_date». Allowed properties are: $name, $show_in_project_overview, finished_flag, start_date, end_date, experimental_step.experimental_goals, experimental_step.experimental_description, experimental_step.experimental_results, experimental_step.spreadsheet, reference, publication, notes, $xmlcomments, $annotations_state'
2026-06-23 16:58:41 - openbis.object_manager - DEBUG - [object_manager.py:126] - Set 2 parent(s) for 2PP-000063
2026-06-23 16:58:42 - openbis.object_manager - INFO - [object_manager.py:129] - Created EXPERIMENTAL_STEP: 2PP-000063
2026-06-23 16:58:43 - openbis.object_manager - DEBUG - [object_manager.py:134] - Object permId: 20260623165841874-55185
2026-06-23 16:58:43 - __main__ - INFO - [main.py:176] - Created EXPERIMENTAL_STEP '2PP-000063' (permId: 20260623165841874-55185)
2026-06-23 16:58:43 - __main__ - INFO - [main.py:127] - Processing: 2PP-000064 (20260623_2PP_cubes u Schwarz P array nanoindent(8mW))
2026-06-23 16:58:44 - openbis.object_manager - DEBUG - [object_manager.py:53] - Object '20260205131700798-40543' found via direct lookup
2026-06-23 16:58:44 - openbis.object_manager - DEBUG - [object_manager.py:53] - Object '20260203153334077-40204' found via direct lookup
2026-06-23 16:58:44 - openbis.object_manager - DEBUG - [object_manager.py:121] - Could not set print_date property: 'No such property: «print_date». Allowed properties are: $name, $show_in_project_overview, finished_flag, start_date, end_date, experimental_step.experimental_goals, experimental_step.experimental_description, experimental_step.experimental_results, experimental_step.spreadsheet, reference, publication, notes, $xmlcomments, $annotations_state'
2026-06-23 16:58:45 - openbis.object_manager - DEBUG - [object_manager.py:126] - Set 2 parent(s) for 2PP-000064
2026-06-23 16:58:47 - openbis.object_manager - INFO - [object_manager.py:129] - Created EXPERIMENTAL_STEP: 2PP-000064
2026-06-23 16:58:47 - openbis.object_manager - DEBUG - [object_manager.py:134] - Object permId: 20260623165846304-55186
2026-06-23 16:58:47 - __main__ - INFO - [main.py:176] - Created EXPERIMENTAL_STEP '2PP-000064' (permId: 20260623165846304-55186)
2026-06-23 16:58:47 - __main__ - INFO - [main.py:127] - Processing: 2PP-000065 (20260623_2PP_cubes u Schwarz P array nanoindent(8mW))
2026-06-23 16:58:48 - openbis.object_manager - DEBUG - [object_manager.py:53] - Object '20260205131700798-40543' found via direct lookup
2026-06-23 16:58:49 - openbis.object_manager - DEBUG - [object_manager.py:53] - Object '20260609094441331-53114' found via direct lookup
2026-06-23 16:58:49 - openbis.object_manager - DEBUG - [object_manager.py:121] - Could not set print_date property: 'No such property: «print_date». Allowed properties are: $name, $show_in_project_overview, finished_flag, start_date, end_date, experimental_step.experimental_goals, experimental_step.experimental_description, experimental_step.experimental_results, experimental_step.spreadsheet, reference, publication, notes, $xmlcomments, $annotations_state'
2026-06-23 16:58:50 - openbis.object_manager - DEBUG - [object_manager.py:126] - Set 2 parent(s) for 2PP-000065
2026-06-23 16:58:51 - openbis.object_manager - INFO - [object_manager.py:129] - Created EXPERIMENTAL_STEP: 2PP-000065
2026-06-23 16:58:52 - openbis.object_manager - DEBUG - [object_manager.py:134] - Object permId: 20260623165850825-55187
2026-06-23 16:58:52 - __main__ - INFO - [main.py:176] - Created EXPERIMENTAL_STEP '2PP-000065' (permId: 20260623165850825-55187)
2026-06-23 16:58:52 - __main__ - INFO - [main.py:127] - Processing: 2PP-000066 (19000100_2PP_)
2026-06-23 16:58:53 - __main__ - ERROR - [main.py:142] - Row '2PP-000066': Resin ID is empty or missing – skipping
2026-06-23 16:58:53 - __main__ - INFO - [main.py:127] - Processing: 2PP-000067 (19000100_2PP_)
2026-06-23 16:58:54 - __main__ - ERROR - [main.py:142] - Row '2PP-000067': Resin ID is empty or missing – skipping
2026-06-23 16:58:54 - __main__ - INFO - [main.py:127] - Processing: 2PP-000068 (19000100_2PP_)
2026-06-23 16:58:55 - __main__ - ERROR - [main.py:142] - Row '2PP-000068': Resin ID is empty or missing – skipping
2026-06-23 16:58:55 - __main__ - INFO - [main.py:127] - Processing: 2PP-000069 (19000100_2PP_)
2026-06-23 16:58:56 - __main__ - ERROR - [main.py:142] - Row '2PP-000069': Resin ID is empty or missing – skipping
2026-06-23 16:58:56 - __main__ - INFO - [main.py:127] - Processing: 2PP-000070 (19000100_2PP_)
2026-06-23 16:58:57 - __main__ - ERROR - [main.py:142] - Row '2PP-000070': Resin ID is empty or missing – skipping
2026-06-23 16:58:57 - __main__ - INFO - [main.py:127] - Processing: 2PP-000071 (19000100_2PP_)
2026-06-23 16:58:58 - __main__ - ERROR - [main.py:142] - Row '2PP-000071': Resin ID is empty or missing – skipping
2026-06-23 16:58:58 - __main__ - INFO - [main.py:127] - Processing: 2PP-000072 (19000100_2PP_)
2026-06-23 16:58:59 - __main__ - ERROR - [main.py:142] - Row '2PP-000072': Resin ID is empty or missing – skipping
2026-06-23 16:58:59 - __main__ - INFO - [main.py:127] - Processing: 2PP-000073 (19000100_2PP_)
2026-06-23 16:59:00 - __main__ - ERROR - [main.py:142] - Row '2PP-000073': Resin ID is empty or missing – skipping
2026-06-23 16:59:00 - __main__ - INFO - [main.py:127] - Processing: 2PP-000074 (19000100_2PP_)
2026-06-23 16:59:01 - __main__ - ERROR - [main.py:142] - Row '2PP-000074': Resin ID is empty or missing – skipping
2026-06-23 16:59:01 - __main__ - INFO - [main.py:181] - ======================================================================
2026-06-23 16:59:01 - __main__ - INFO - [main.py:182] - SUMMARY
2026-06-23 16:59:01 - __main__ - INFO - [main.py:183] - ======================================================================
2026-06-23 16:59:01 - __main__ - INFO - [main.py:184] - Total rows:  74
2026-06-23 16:59:01 - __main__ - INFO - [main.py:185] - Created:     57
2026-06-23 16:59:01 - __main__ - INFO - [main.py:186] - Skipped:     17
2026-06-23 16:59:01 - __main__ - INFO - [main.py:187] - Failed:      0
2026-06-23 16:59:01 - __main__ - INFO - [main.py:188] - ======================================================================
2026-06-23 16:59:01 - openbis.connection - INFO - [connection.py:181] - Disconnected from openBIS
